Archive member included to satisfy reference by file (symbol)

../DaisyExamples/libDaisy//build/libdaisy.a(daisy_seed.o)
                              build/source.o (daisy::DaisySeed::GetPin(unsigned char))
../DaisyExamples/libDaisy//build/libdaisy.a(codec_ak4556.o)
                              ../DaisyExamples/libDaisy//build/libdaisy.a(daisy_seed.o) (daisy::Ak4556::Init(dsy_gpio_pin))
../DaisyExamples/libDaisy//build/libdaisy.a(codec_wm8731.o)
                              ../DaisyExamples/libDaisy//build/libdaisy.a(daisy_seed.o) (daisy::Wm8731::Init(daisy::Wm8731::Config const&, daisy::I2CHandle))
../DaisyExamples/libDaisy//build/libdaisy.a(sdram.o)
                              ../DaisyExamples/libDaisy//build/libdaisy.a(daisy_seed.o) (SdramHandle::Init())
../DaisyExamples/libDaisy//build/libdaisy.a(audio.o)
                              ../DaisyExamples/libDaisy//build/libdaisy.a(daisy_seed.o) (daisy::AudioHandle::Init(daisy::AudioHandle::Config const&, daisy::SaiHandle))
../DaisyExamples/libDaisy//build/libdaisy.a(logger.o)
                              build/source.o (daisy::Logger<(daisy::LoggerDestination)1>::StartLog(bool))
../DaisyExamples/libDaisy//build/libdaisy.a(switch.o)
                              build/source.o (daisy::Switch::Init(dsy_gpio_pin, float))
../DaisyExamples/libDaisy//build/libdaisy.a(usb.o)
                              ../DaisyExamples/libDaisy//build/libdaisy.a(logger.o) (daisy::UsbHandle::Init(daisy::UsbHandle::UsbPeriph))
../DaisyExamples/libDaisy//build/libdaisy.a(gpio.o)
                              ../DaisyExamples/libDaisy//build/libdaisy.a(daisy_seed.o) (dsy_gpio_init)
../DaisyExamples/libDaisy//build/libdaisy.a(i2c.o)
                              build/source.o (daisy::I2CHandle::Init(daisy::I2CHandle::Config const&))
../DaisyExamples/libDaisy//build/libdaisy.a(qspi.o)
                              ../DaisyExamples/libDaisy//build/libdaisy.a(daisy_seed.o) (daisy::QSPIHandle::Init(daisy::QSPIHandle::Config const&))
../DaisyExamples/libDaisy//build/libdaisy.a(sai.o)
                              ../DaisyExamples/libDaisy//build/libdaisy.a(daisy_seed.o) (daisy::SaiHandle::Init(daisy::SaiHandle::Config const&))
../DaisyExamples/libDaisy//build/libdaisy.a(system.o)
                              ../DaisyExamples/libDaisy//build/libdaisy.a(daisy_seed.o) (daisy::System::DeInit())
../DaisyExamples/libDaisy//build/libdaisy.a(system_stm32h7xx.o)
                              build/startup_stm32h750xx.o (SystemInit)
../DaisyExamples/libDaisy//build/libdaisy.a(usbd_cdc_if.o)
                              ../DaisyExamples/libDaisy//build/libdaisy.a(usb.o) (CDC_Transmit_FS)
../DaisyExamples/libDaisy//build/libdaisy.a(usbd_conf.o)
                              ../DaisyExamples/libDaisy//build/libdaisy.a(system.o) (hpcd_USB_OTG_HS)
../DaisyExamples/libDaisy//build/libdaisy.a(usbd_desc.o)
                              ../DaisyExamples/libDaisy//build/libdaisy.a(usb.o) (HS_Desc)
../DaisyExamples/libDaisy//build/libdaisy.a(usbh_conf.o)
                              ../DaisyExamples/libDaisy//build/libdaisy.a(system.o) (hhcd_USB_OTG_HS)
../DaisyExamples/libDaisy//build/libdaisy.a(hal_map.o)
                              ../DaisyExamples/libDaisy//build/libdaisy.a(gpio.o) (dsy_hal_map_get_port)
../DaisyExamples/libDaisy//build/libdaisy.a(stm32h7xx_hal.o)
                              ../DaisyExamples/libDaisy//build/libdaisy.a(system.o) (HAL_Init)
../DaisyExamples/libDaisy//build/libdaisy.a(stm32h7xx_hal_cortex.o)
                              ../DaisyExamples/libDaisy//build/libdaisy.a(stm32h7xx_hal.o) (HAL_NVIC_SetPriorityGrouping)
../DaisyExamples/libDaisy//build/libdaisy.a(stm32h7xx_hal_dma.o)
                              ../DaisyExamples/libDaisy//build/libdaisy.a(i2c.o) (HAL_DMA_Init)
../DaisyExamples/libDaisy//build/libdaisy.a(stm32h7xx_hal_gpio.o)
                              ../DaisyExamples/libDaisy//build/libdaisy.a(sdram.o) (HAL_GPIO_Init)
../DaisyExamples/libDaisy//build/libdaisy.a(stm32h7xx_hal_hcd.o)
                              ../DaisyExamples/libDaisy//build/libdaisy.a(usbh_conf.o) (HAL_HCD_HC_Init)
../DaisyExamples/libDaisy//build/libdaisy.a(stm32h7xx_hal_i2c.o)
                              ../DaisyExamples/libDaisy//build/libdaisy.a(i2c.o) (HAL_I2C_Init)
../DaisyExamples/libDaisy//build/libdaisy.a(stm32h7xx_hal_i2c_ex.o)
                              ../DaisyExamples/libDaisy//build/libdaisy.a(i2c.o) (HAL_I2CEx_ConfigAnalogFilter)
../DaisyExamples/libDaisy//build/libdaisy.a(stm32h7xx_hal_pcd.o)
                              ../DaisyExamples/libDaisy//build/libdaisy.a(usbd_conf.o) (HAL_PCD_Init)
../DaisyExamples/libDaisy//build/libdaisy.a(stm32h7xx_hal_pcd_ex.o)
                              ../DaisyExamples/libDaisy//build/libdaisy.a(usbd_conf.o) (HAL_PCDEx_SetTxFiFo)
../DaisyExamples/libDaisy//build/libdaisy.a(stm32h7xx_hal_pwr_ex.o)
                              ../DaisyExamples/libDaisy//build/libdaisy.a(system.o) (HAL_PWREx_ConfigSupply)
[...]
Memory Configuration

Name             Origin             Length             Attributes
FLASH            0x0000000008000000 0x0000000000020000 xr
DTCMRAM          0x0000000020000000 0x0000000000020000 xrw
SRAM             0x0000000024000000 0x0000000000080000 xrw
RAM_D2           0x0000000030000000 0x0000000000048000 xrw
RAM_D3           0x0000000038000000 0x0000000000010000 xrw
ITCMRAM          0x0000000000000000 0x0000000000010000 xrw
SDRAM            0x00000000c0000000 0x0000000004000000 xrw
QSPIFLASH        0x0000000090000000 0x0000000000800000 xr
*default*        0x0000000000000000 0xffffffffffffffff

Linker script and memory map

LOAD /Applications/ARM/bin/../lib/gcc/arm-none-eabi/10.3.1/thumb/v7e-m+dp/hard/crti.o
LOAD /Applications/ARM/bin/../lib/gcc/arm-none-eabi/10.3.1/thumb/v7e-m+dp/hard/crtbegin.o
LOAD /Applications/ARM/bin/../lib/gcc/arm-none-eabi/10.3.1/../../../../arm-none-eabi/lib/thumb/v7e-m+dp/hard/crt0.o
LOAD build/startup_stm32h750xx.o
LOAD build/source.o
LOAD ../DaisyExamples/libDaisy//build/libdaisy.a
LOAD /Applications/ARM/bin/../lib/gcc/arm-none-eabi/10.3.1/../../../../arm-none-eabi/lib/thumb/v7e-m+dp/hard/libnosys.a
LOAD ../DaisyExamples/DaisySP//build/libdaisysp.a
LOAD /Applications/ARM/bin/../lib/gcc/arm-none-eabi/10.3.1/../../../../arm-none-eabi/lib/thumb/v7e-m+dp/hard/libstdc++_nano.a
LOAD /Applications/ARM/bin/../lib/gcc/arm-none-eabi/10.3.1/../../../../arm-none-eabi/lib/thumb/v7e-m+dp/hard/libm.a
LOAD /Applications/ARM/bin/../lib/gcc/arm-none-eabi/10.3.1/../../../../arm-none-eabi/lib/thumb/v7e-m+dp/hard/libc_nano.a
START GROUP
LOAD /Applications/ARM/bin/../lib/gcc/arm-none-eabi/10.3.1/thumb/v7e-m+dp/hard/libgcc.a
LOAD /Applications/ARM/bin/../lib/gcc/arm-none-eabi/10.3.1/../../../../arm-none-eabi/lib/thumb/v7e-m+dp/hard/libc_nano.a
END GROUP
START GROUP
LOAD /Applications/ARM/bin/../lib/gcc/arm-none-eabi/10.3.1/thumb/v7e-m+dp/hard/libgcc.a
LOAD /Applications/ARM/bin/../lib/gcc/arm-none-eabi/10.3.1/../../../../arm-none-eabi/lib/thumb/v7e-m+dp/hard/libc_nano.a
LOAD /Applications/ARM/bin/../lib/gcc/arm-none-eabi/10.3.1/../../../../arm-none-eabi/lib/thumb/v7e-m+dp/hard/libnosys.a
END GROUP
START GROUP
LOAD /Applications/ARM/bin/../lib/gcc/arm-none-eabi/10.3.1/thumb/v7e-m+dp/hard/libgcc.a
LOAD /Applications/ARM/bin/../lib/gcc/arm-none-eabi/10.3.1/../../../../arm-none-eabi/lib/thumb/v7e-m+dp/hard/libc_nano.a
LOAD /Applications/ARM/bin/../lib/gcc/arm-none-eabi/10.3.1/../../../../arm-none-eabi/lib/thumb/v7e-m+dp/hard/libnosys.a
END GROUP
LOAD /Applications/ARM/bin/../lib/gcc/arm-none-eabi/10.3.1/thumb/v7e-m+dp/hard/crtend.o
LOAD /Applications/ARM/bin/../lib/gcc/arm-none-eabi/10.3.1/thumb/v7e-m+dp/hard/crtn.o
                0x0000000020020000                _estack = 0x20020000

.isr_vector     0x0000000008000000      0x298
                0x0000000008000000                . = ALIGN (0x4)
 *(.isr_vector)
 .isr_vector    0x0000000008000000      0x298 build/startup_stm32h750xx.o
                0x0000000008000000                g_pfnVectors
                0x0000000008000298                . = ALIGN (0x4)

.text           0x00000000080002a0    0x198c0
                0x00000000080002a0                . = ALIGN (0x4)
                0x00000000080002a0                _stext = .
 *(.text)
 .text          0x00000000080002a0       0x40 /Applications/ARM/bin/../lib/gcc/arm-none-eabi/10.3.1/thumb/v7e-m+dp/hard/crtbegin.o
 .text          0x00000000080002e0       0xa0 /Applications/ARM/bin/../lib/gcc/arm-none-eabi/10.3.1/../../../../arm-none-eabi/lib/thumb/v7e-m+dp/hard/libc_nano.a(lib_a-memchr.o)
                0x00000000080002e0                memchr
 .text          0x0000000008000380      0x378 /Applications/ARM/bin/../lib/gcc/arm-none-eabi/10.3.1/thumb/v7e-m+dp/hard/libgcc.a(_arm_addsubdf3.o)
                0x0000000008000380                __aeabi_drsub
                0x0000000008000388                __subdf3
                0x0000000008000388                __aeabi_dsub
                0x000000000800038c                __aeabi_dadd
                0x000000000800038c                __adddf3
                0x0000000008000604                __aeabi_ui2d
                0x0000000008000604                __floatunsidf
                0x0000000008000624                __floatsidf
                0x0000000008000624                __aeabi_i2d
                0x0000000008000648                __extendsfdf2
                0x0000000008000648                __aeabi_f2d
                0x000000000800068c                __aeabi_ul2d
                0x000000000800068c                __floatundidf
                0x000000000800069c                __aeabi_l2d
                0x000000000800069c                __floatdidf
 .text          0x00000000080006f8       0x30 /Applications/ARM/bin/../lib/gcc/arm-none-eabi/10.3.1/thumb/v7e-m+dp/hard/libgcc.a(_aeabi_uldivmod.o)
                0x00000000080006f8                __aeabi_uldivmod
 .text          0x0000000008000728      0x2d0 /Applications/ARM/bin/../lib/gcc/arm-none-eabi/10.3.1/thumb/v7e-m+dp/hard/libgcc.a(_udivmoddi4.o)
                0x0000000008000728                __udivmoddi4
 .text          0x00000000080009f8        0x4 /Applications/ARM/bin/../lib/gcc/arm-none-eabi/10.3.1/thumb/v7e-m+dp/hard/libgcc.a(_dvmd_tls.o)
                0x00000000080009f8                __aeabi_ldiv0
                0x00000000080009f8                __aeabi_idiv0
 *(.text*)
 .text.Default_Handler
                0x00000000080009fc        0x4 build/startup_stm32h750xx.o
                0x00000000080009fc                SAI1_IRQHandler
                0x00000000080009fc                HASH_RNG_IRQHandler
                0x00000000080009fc                EXTI2_IRQHandler
                0x00000000080009fc                TIM8_CC_IRQHandler
                0x00000000080009fc                HRTIM1_Master_IRQHandler
                0x00000000080009fc                DebugMon_Handler
                0x00000000080009fc                TIM1_CC_IRQHandler
                0x00000000080009fc                BDMA_Channel6_IRQHandler
                0x00000000080009fc                DMA2_Stream5_IRQHandler
                0x00000000080009fc                HRTIM1_FLT_IRQHandler
                0x00000000080009fc                JPEG_IRQHandler
                0x00000000080009fc                BDMA_Channel1_IRQHandler
                0x00000000080009fc                HRTIM1_TIMD_IRQHandler
                0x00000000080009fc                TAMP_STAMP_IRQHandler
                0x00000000080009fc                PendSV_Handler
                0x00000000080009fc                NMI_Handler
                0x00000000080009fc                EXTI3_IRQHandler
                0x00000000080009fc                LPTIM4_IRQHandler
                0x00000000080009fc                TIM8_TRG_COM_TIM14_IRQHandler
                0x00000000080009fc                LPTIM2_IRQHandler
                0x00000000080009fc                DFSDM1_FLT1_IRQHandler
                0x00000000080009fc                DMAMUX2_OVR_IRQHandler
                0x00000000080009fc                TIM8_UP_TIM13_IRQHandler
                0x00000000080009fc                I2C3_ER_IRQHandler
                0x00000000080009fc                DFSDM1_FLT2_IRQHandler
                0x00000000080009fc                MDMA_IRQHandler
                0x00000000080009fc                LPTIM3_IRQHandler
                0x00000000080009fc                HSEM1_IRQHandler
                0x00000000080009fc                EXTI0_IRQHandler
                0x00000000080009fc                DMA1_Stream2_IRQHandler
                0x00000000080009fc                FPU_IRQHandler
                0x00000000080009fc                OTG_HS_WKUP_IRQHandler
                0x00000000080009fc                FDCAN1_IT1_IRQHandler
                0x00000000080009fc                UsageFault_Handler
                0x00000000080009fc                LTDC_ER_IRQHandler
                0x00000000080009fc                HRTIM1_TIME_IRQHandler
                0x00000000080009fc                TIM6_DAC_IRQHandler
                0x00000000080009fc                DCMI_IRQHandler
                0x00000000080009fc                HRTIM1_TIMC_IRQHandler
                0x00000000080009fc                SAI2_IRQHandler
                0x00000000080009fc                DFSDM1_FLT3_IRQHandler
                0x00000000080009fc                TIM17_IRQHandler
                0x00000000080009fc                CRYP_IRQHandler
                0x00000000080009fc                BDMA_Channel7_IRQHandler
                0x00000000080009fc                LPTIM5_IRQHandler
                0x00000000080009fc                ADC3_IRQHandler
                0x00000000080009fc                DMA2_Stream0_IRQHandler
                0x00000000080009fc                BDMA_Channel2_IRQHandler
                0x00000000080009fc                DMAMUX1_OVR_IRQHandler
                0x00000000080009fc                TIM16_IRQHandler
                0x00000000080009fc                BDMA_Channel5_IRQHandler
                0x00000000080009fc                RCC_IRQHandler
                0x00000000080009fc                TIM8_BRK_TIM12_IRQHandler
                0x00000000080009fc                TIM1_TRG_COM_IRQHandler
                0x00000000080009fc                Default_Handler
                0x00000000080009fc                ECC_IRQHandler
                0x00000000080009fc                CEC_IRQHandler
                0x00000000080009fc                EXTI15_10_IRQHandler
                0x00000000080009fc                BDMA_Channel0_IRQHandler
                0x00000000080009fc                ADC_IRQHandler
                0x00000000080009fc                DMA1_Stream7_IRQHandler
                0x00000000080009fc                HRTIM1_TIMA_IRQHandler
                0x00000000080009fc                TIM7_IRQHandler
                0x00000000080009fc                SDMMC1_IRQHandler
                0x00000000080009fc                DMA2_Stream7_IRQHandler
                0x00000000080009fc                TIM15_IRQHandler
                0x00000000080009fc                PVD_AVD_IRQHandler
                0x00000000080009fc                EXTI9_5_IRQHandler
                0x00000000080009fc                RTC_WKUP_IRQHandler
                0x00000000080009fc                LTDC_IRQHandler
                0x00000000080009fc                SAI3_IRQHandler
                0x00000000080009fc                ETH_WKUP_IRQHandler
                0x00000000080009fc                SPDIF_RX_IRQHandler
                0x00000000080009fc                MemManage_Handler
                0x00000000080009fc                SVC_Handler
                0x00000000080009fc                CRS_IRQHandler
                0x00000000080009fc                EXTI4_IRQHandler
                0x00000000080009fc                HRTIM1_TIMB_IRQHandler
                0x00000000080009fc                FDCAN2_IT1_IRQHandler
                0x00000000080009fc                ETH_IRQHandler
                0x00000000080009fc                TIM1_UP_IRQHandler
                0x00000000080009fc                BDMA_Channel4_IRQHandler
                0x00000000080009fc                WWDG_IRQHandler
                0x00000000080009fc                SPI6_IRQHandler
                0x00000000080009fc                I2C4_EV_IRQHandler
                0x00000000080009fc                MDIOS_IRQHandler
                0x00000000080009fc                FDCAN2_IT0_IRQHandler
                0x00000000080009fc                FDCAN1_IT0_IRQHandler
                0x00000000080009fc                OTG_FS_WKUP_IRQHandler
                0x00000000080009fc                DMA2D_IRQHandler
                0x00000000080009fc                TIM1_BRK_IRQHandler
                0x00000000080009fc                EXTI1_IRQHandler
                0x00000000080009fc                SDMMC2_IRQHandler
                0x00000000080009fc                BDMA_Channel3_IRQHandler
                0x00000000080009fc                MDIOS_WKUP_IRQHandler
                0x00000000080009fc                DFSDM1_FLT0_IRQHandler
                0x00000000080009fc                SAI4_IRQHandler
                0x00000000080009fc                I2C2_ER_IRQHandler
                0x00000000080009fc                DMA2_Stream1_IRQHandler
                0x00000000080009fc                FLASH_IRQHandler
                0x00000000080009fc                BusFault_Handler
                0x00000000080009fc                WAKEUP_PIN_IRQHandler
                0x00000000080009fc                I2C1_ER_IRQHandler
                0x00000000080009fc                FMC_IRQHandler
                0x00000000080009fc                FDCAN_CAL_IRQHandler
                0x00000000080009fc                SWPMI1_IRQHandler
                0x00000000080009fc                COMP1_IRQHandler
                0x00000000080009fc                LPTIM1_IRQHandler
                0x00000000080009fc                I2C4_ER_IRQHandler
                0x00000000080009fc                DMA2_Stream6_IRQHandler
                0x00000000080009fc                RTC_Alarm_IRQHandler
 .text.Reset_Handler
                0x0000000008000a00       0x44 build/startup_stm32h750xx.o
                0x0000000008000a00                Reset_Handler
 .text._ZN5daisy9DaisySeedD2Ev
                0x0000000008000a44        0x4 build/source.o
                0x0000000008000a44                daisy::DaisySeed::~DaisySeed()
                0x0000000008000a44                daisy::DaisySeed::~DaisySeed()
 .text._ZN7daisysp4LineD2Ev
                0x0000000008000a48        0x4 build/source.o
                0x0000000008000a48                daisysp::Line::~Line()
                0x0000000008000a48                daisysp::Line::~Line()
 .text._ZN7daisysp10OscillatorD2Ev
                0x0000000008000a4c        0x4 build/source.o
                0x0000000008000a4c                daisysp::Oscillator::~Oscillator()
                0x0000000008000a4c                daisysp::Oscillator::~Oscillator()
 .text._ZN7daisysp3SvfD2Ev
                0x0000000008000a50        0x4 build/source.o
                0x0000000008000a50                daisysp::Svf::~Svf()
                0x0000000008000a50                daisysp::Svf::~Svf()
 .text._ZN7daisysp10WhiteNoiseD2Ev
                0x0000000008000a54        0x4 build/source.o
                0x0000000008000a54                daisysp::WhiteNoise::~WhiteNoise()
                0x0000000008000a54                daisysp::WhiteNoise::~WhiteNoise()
 .text._ZN7daisysp4PortD2Ev
                0x0000000008000a58        0x4 build/source.o
                0x0000000008000a58                daisysp::Port::~Port()
                0x0000000008000a58                daisysp::Port::~Port()
 .text.__tcf_0  0x0000000008000a5c        0x4 build/source.o
 .text._ZN5daisy6Mpr121INS_18Mpr121I2CTransportEED2Ev
                0x0000000008000a60        0x4 build/source.o
                0x0000000008000a60                daisy::Mpr121<daisy::Mpr121I2CTransport>::~Mpr121()
                0x0000000008000a60                daisy::Mpr121<daisy::Mpr121I2CTransport>::~Mpr121()
 .text.__tcf_2  0x0000000008000a64        0x4 build/source.o
 .text.__tcf_3  0x0000000008000a68        0x4 build/source.o
 .text.__tcf_1  0x0000000008000a6c        0x4 build/source.o
 .text._Z13AudioCallbackPKPKfPPfj
                0x0000000008000a70     0x2024 build/source.o
                0x0000000008000a70                AudioCallback(float const* const*, float**, unsigned int)
 .text._ZN11BowedStringC2Ev
                0x0000000008002a94       0x98 build/source.o
                0x0000000008002a94                BowedString::BowedString()
                0x0000000008002a94                BowedString::BowedString()
 .text._Z7setADSRf
                0x0000000008002b2c       0x5c build/source.o
                0x0000000008002b2c                setADSR(float)
 .text._ZN5daisy6Mpr121INS_18Mpr121I2CTransportEE13WriteRegisterEhh
                0x0000000008002b88      0x10c build/source.o
                0x0000000008002b88                daisy::Mpr121<daisy::Mpr121I2CTransport>::WriteRegister(unsigned char, unsigned char)
 .text.startup.main
                0x0000000008002c94      0x8ac build/source.o
                0x0000000008002c94                main
 .text.startup._GLOBAL__sub_I__Z14friction_curveffff
                0x0000000008003540      0x170 build/source.o
 .text._ZN5daisy9DaisySeed6GetPinEh
                0x00000000080036b0       0x2c ../DaisyExamples/libDaisy//build/libdaisy.a(daisy_seed.o)
                0x00000000080036b0                daisy::DaisySeed::GetPin(unsigned char)
 .text._ZN5daisy9DaisySeed10StartAudioEPFvPKPKfPPfjE
                0x00000000080036dc        0x8 ../DaisyExamples/libDaisy//build/libdaisy.a(daisy_seed.o)
                0x00000000080036dc                daisy::DaisySeed::StartAudio(void (*)(float const* const*, float**, unsigned int))
 .text._ZN5daisy9DaisySeed18SetAudioSampleRateENS_9SaiHandle6Config10SampleRateE
                0x00000000080036e4       0x38 ../DaisyExamples/libDaisy//build/libdaisy.a(daisy_seed.o)
                0x00000000080036e4                daisy::DaisySeed::SetAudioSampleRate(daisy::SaiHandle::Config::SampleRate)
 .text._ZN5daisy9DaisySeed15AudioSampleRateEv
                0x000000000800371c        0x8 ../DaisyExamples/libDaisy//build/libdaisy.a(daisy_seed.o)
                0x000000000800371c                daisy::DaisySeed::AudioSampleRate()
 .text._ZN5daisy9DaisySeed17SetAudioBlockSizeEj
                0x0000000008003724       0x38 ../DaisyExamples/libDaisy//build/libdaisy.a(daisy_seed.o)
                0x0000000008003724                daisy::DaisySeed::SetAudioBlockSize(unsigned int)
 .text._ZN5daisy9DaisySeed6SetLedEb
                0x000000000800375c        0x8 ../DaisyExamples/libDaisy//build/libdaisy.a(daisy_seed.o)
                0x000000000800375c                daisy::DaisySeed::SetLed(bool)
 .text._ZN5daisy9DaisySeed14ConfigureAudioEv
                0x0000000008003764       0xd0 ../DaisyExamples/libDaisy//build/libdaisy.a(daisy_seed.o)
                0x0000000008003764                daisy::DaisySeed::ConfigureAudio()
 .text._ZN5daisy9DaisySeed4InitEb
                0x0000000008003834       0xf0 ../DaisyExamples/libDaisy//build/libdaisy.a(daisy_seed.o)
                0x0000000008003834                daisy::DaisySeed::Init(bool)
 .text._ZN5daisy6Ak45564InitE12dsy_gpio_pin
                0x0000000008003924       0x44 ../DaisyExamples/libDaisy//build/libdaisy.a(codec_ak4556.o)
                0x0000000008003924                daisy::Ak4556::Init(dsy_gpio_pin)
 .text._ZN5daisy6Wm873120WriteControlRegisterEht
                0x0000000008003968       0x3c ../DaisyExamples/libDaisy//build/libdaisy.a(codec_wm8731.o)
                0x0000000008003968                daisy::Wm8731::WriteControlRegister(unsigned char, unsigned short)
 .text._ZN5daisy6Wm87314InitERKNS0_6ConfigENS_9I2CHandleE
                0x00000000080039a4      0x1bc ../DaisyExamples/libDaisy//build/libdaisy.a(codec_wm8731.o)
                0x00000000080039a4                daisy::Wm8731::Init(daisy::Wm8731::Config const&, daisy::I2CHandle)
 .text._ZN11SdramHandle10DeviceInitEv
                0x0000000008003b60       0x98 ../DaisyExamples/libDaisy//build/libdaisy.a(sdram.o)
                0x0000000008003b60                SdramHandle::DeviceInit()
 .text._ZN11SdramHandle4InitEv
                0x0000000008003bf8       0x7c ../DaisyExamples/libDaisy//build/libdaisy.a(sdram.o)
                0x0000000008003bf8                SdramHandle::Init()
 .text.HAL_SDRAM_MspInit
                0x0000000008003c74      0x1a8 ../DaisyExamples/libDaisy//build/libdaisy.a(sdram.o)
                0x0000000008003c74                HAL_SDRAM_MspInit
 .text._ZN5daisy11AudioHandle4Impl16InternalCallbackEPlS2_j
                0x0000000008003e1c      0xbbc ../DaisyExamples/libDaisy//build/libdaisy.a(audio.o)
                0x0000000008003e1c                daisy::AudioHandle::Impl::InternalCallback(long*, long*, unsigned int)
 .text._ZN5daisy11AudioHandle4InitERKNS0_6ConfigENS_9SaiHandleE
                0x00000000080049d8       0x70 ../DaisyExamples/libDaisy//build/libdaisy.a(audio.o)
                0x00000000080049d8                daisy::AudioHandle::Init(daisy::AudioHandle::Config const&, daisy::SaiHandle)
 .text._ZNK5daisy11AudioHandle9GetConfigEv
                0x0000000008004a48        0x8 ../DaisyExamples/libDaisy//build/libdaisy.a(audio.o)
                0x0000000008004a48                daisy::AudioHandle::GetConfig() const
 .text._ZN5daisy11AudioHandle12SetBlockSizeEj
                0x0000000008004a50       0x1c ../DaisyExamples/libDaisy//build/libdaisy.a(audio.o)
                0x0000000008004a50                daisy::AudioHandle::SetBlockSize(unsigned int)
 .text._ZN5daisy11AudioHandle13GetSampleRateEv
                0x0000000008004a6c        0x8 ../DaisyExamples/libDaisy//build/libdaisy.a(audio.o)
                0x0000000008004a6c                daisy::AudioHandle::GetSampleRate()
 .text._ZN5daisy11AudioHandle13SetSampleRateENS_9SaiHandle6Config10SampleRateE
                0x0000000008004a74       0x88 ../DaisyExamples/libDaisy//build/libdaisy.a(audio.o)
                0x0000000008004a74                daisy::AudioHandle::SetSampleRate(daisy::SaiHandle::Config::SampleRate)
 .text._ZN5daisy11AudioHandle5StartEPFvPKPKfPPfjE
                0x0000000008004afc       0x44 ../DaisyExamples/libDaisy//build/libdaisy.a(audio.o)
                0x0000000008004afc                daisy::AudioHandle::Start(void (*)(float const* const*, float**, unsigned int))
 .text.startup._GLOBAL__sub_I__ZN5daisy11AudioHandle4Impl4InitENS0_6ConfigENS_9SaiHandleE
                0x0000000008004b40       0x24 ../DaisyExamples/libDaisy//build/libdaisy.a(audio.o)
 .text._ZN5daisy9UsbHandleD2Ev
                0x0000000008004b64        0x4 ../DaisyExamples/libDaisy//build/libdaisy.a(logger.o)
                0x0000000008004b64                daisy::UsbHandle::~UsbHandle()
                0x0000000008004b64                daisy::UsbHandle::~UsbHandle()
 .text._ZN5daisy6LoggerILNS_17LoggerDestinationE1EE11TransmitBufEv
                0x0000000008004b68       0x60 ../DaisyExamples/libDaisy//build/libdaisy.a(logger.o)
                0x0000000008004b68                daisy::Logger<(daisy::LoggerDestination)1>::TransmitBuf()
 .text._ZN5daisy6LoggerILNS_17LoggerDestinationE1EE13AppendNewLineEv
                0x0000000008004bc8       0x60 ../DaisyExamples/libDaisy//build/libdaisy.a(logger.o)
                0x0000000008004bc8                daisy::Logger<(daisy::LoggerDestination)1>::AppendNewLine()
 .text._ZN5daisy6LoggerILNS_17LoggerDestinationE1EE10PrintLineVEPKcSt9__va_list
                0x0000000008004c28       0x30 ../DaisyExamples/libDaisy//build/libdaisy.a(logger.o)
                0x0000000008004c28                daisy::Logger<(daisy::LoggerDestination)1>::PrintLineV(char const*, std::__va_list)
 .text._ZN5daisy6LoggerILNS_17LoggerDestinationE1EE9PrintLineEPKcz
                0x0000000008004c58       0x1c ../DaisyExamples/libDaisy//build/libdaisy.a(logger.o)
                0x0000000008004c58                daisy::Logger<(daisy::LoggerDestination)1>::PrintLine(char const*, ...)
 .text._ZN5daisy6LoggerILNS_17LoggerDestinationE1EE8StartLogEb
                0x0000000008004c74       0x40 ../DaisyExamples/libDaisy//build/libdaisy.a(logger.o)
                0x0000000008004c74                daisy::Logger<(daisy::LoggerDestination)1>::StartLog(bool)
 .text.startup._GLOBAL__sub_I__ZN5daisy10LoggerImplILNS_17LoggerDestinationE1EE11usb_handle_E
                0x0000000008004cb4       0x2c ../DaisyExamples/libDaisy//build/libdaisy.a(logger.o)
 .text._ZN5daisy6Switch4InitE12dsy_gpio_pinf
                0x0000000008004ce0       0x34 ../DaisyExamples/libDaisy//build/libdaisy.a(switch.o)
                0x0000000008004ce0                daisy::Switch::Init(dsy_gpio_pin, float)
 .text._ZN5daisy6Switch8DebounceEv
                0x0000000008004d14       0x5c ../DaisyExamples/libDaisy//build/libdaisy.a(switch.o)
                0x0000000008004d14                daisy::Switch::Debounce()
 .text.DummyRxCallback
                0x0000000008004d70        0x4 ../DaisyExamples/libDaisy//build/libdaisy.a(usb.o)
                0x0000000008004d70                DummyRxCallback
 .text._ZN5daisy9UsbHandle4InitENS0_9UsbPeriphE
                0x0000000008004d74      0x10c ../DaisyExamples/libDaisy//build/libdaisy.a(usb.o)
                0x0000000008004d74                daisy::UsbHandle::Init(daisy::UsbHandle::UsbPeriph)
 .text._ZN5daisy9UsbHandle16TransmitInternalEPhj
                0x0000000008004e80       0x14 ../DaisyExamples/libDaisy//build/libdaisy.a(usb.o)
                0x0000000008004e80                daisy::UsbHandle::TransmitInternal(unsigned char*, unsigned int)
 .text.OTG_FS_EP1_OUT_IRQHandler
                0x0000000008004e94        0xc ../DaisyExamples/libDaisy//build/libdaisy.a(usb.o)
                0x0000000008004e94                OTG_FS_EP1_OUT_IRQHandler
 .text.OTG_FS_EP1_IN_IRQHandler
                0x0000000008004ea0        0xc ../DaisyExamples/libDaisy//build/libdaisy.a(usb.o)
                0x0000000008004ea0                OTG_FS_EP1_IN_IRQHandler
 .text.OTG_FS_IRQHandler
                0x0000000008004eac        0xc ../DaisyExamples/libDaisy//build/libdaisy.a(usb.o)
                0x0000000008004eac                OTG_FS_IRQHandler
 .text.dsy_gpio_init
                0x0000000008004eb8      0x1b8 ../DaisyExamples/libDaisy//build/libdaisy.a(gpio.o)
                0x0000000008004eb8                dsy_gpio_init
 .text.dsy_gpio_read
                0x0000000008005070       0x1c ../DaisyExamples/libDaisy//build/libdaisy.a(gpio.o)
                0x0000000008005070                dsy_gpio_read
 .text.dsy_gpio_write
                0x000000000800508c       0x24 ../DaisyExamples/libDaisy//build/libdaisy.a(gpio.o)
                0x000000000800508c                dsy_gpio_write
 .text._ZN5daisy9I2CHandle4Impl8InitPinsEv
                0x00000000080050b0       0x58 ../DaisyExamples/libDaisy//build/libdaisy.a(i2c.o)
                0x00000000080050b0                daisy::I2CHandle::Impl::InitPins()
 .text.HAL_I2C_MspInit
                0x0000000008005108      0x1b4 ../DaisyExamples/libDaisy//build/libdaisy.a(i2c.o)
                0x0000000008005108                HAL_I2C_MspInit
 .text.dsy_i2c_global_init
                0x00000000080052bc       0x78 ../DaisyExamples/libDaisy//build/libdaisy.a(i2c.o)
                0x00000000080052bc                dsy_i2c_global_init
 .text.DMA1_Stream6_IRQHandler
                0x0000000008005334       0x34 ../DaisyExamples/libDaisy//build/libdaisy.a(i2c.o)
                0x0000000008005334                DMA1_Stream6_IRQHandler
 .text.I2C1_EV_IRQHandler
                0x0000000008005368        0xc ../DaisyExamples/libDaisy//build/libdaisy.a(i2c.o)
                0x0000000008005368                I2C1_EV_IRQHandler
 .text.I2C2_EV_IRQHandler
                0x0000000008005374        0xc ../DaisyExamples/libDaisy//build/libdaisy.a(i2c.o)
                0x0000000008005374                I2C2_EV_IRQHandler
 .text.I2C3_EV_IRQHandler
                0x0000000008005380        0xc ../DaisyExamples/libDaisy//build/libdaisy.a(i2c.o)
                0x0000000008005380                I2C3_EV_IRQHandler
 .text._ZN5daisy9I2CHandle4InitERKNS0_6ConfigE
                0x000000000800538c      0x12c ../DaisyExamples/libDaisy//build/libdaisy.a(i2c.o)
                0x000000000800538c                daisy::I2CHandle::Init(daisy::I2CHandle::Config const&)
 .text._ZN5daisy9I2CHandle16TransmitBlockingEtPhtm
                0x00000000080054b8       0x50 ../DaisyExamples/libDaisy//build/libdaisy.a(i2c.o)
                0x00000000080054b8                daisy::I2CHandle::TransmitBlocking(unsigned short, unsigned char*, unsigned short, unsigned long)
 .text._ZN5daisy9I2CHandle15ReceiveBlockingEtPhtm
                0x0000000008005508       0x50 ../DaisyExamples/libDaisy//build/libdaisy.a(i2c.o)
                0x0000000008005508                daisy::I2CHandle::ReceiveBlocking(unsigned short, unsigned char*, unsigned short, unsigned long)
 .text.startup._GLOBAL__sub_I__ZN5daisy9I2CHandle4Impl10GlobalInitEv
                0x0000000008005558       0x18 ../DaisyExamples/libDaisy//build/libdaisy.a(i2c.o)
 .text._ZN5daisy10QSPIHandle4Impl11WriteEnableEv
                0x0000000008005570       0x8c ../DaisyExamples/libDaisy//build/libdaisy.a(qspi.o)
                0x0000000008005570                daisy::QSPIHandle::Impl::WriteEnable()
 *fill*         0x00000000080055fc        0x4 
 .text._ZN5daisy10QSPIHandle4Impl17DummyCyclesConfigENS0_6Config6DeviceE
                0x0000000008005600      0x118 ../DaisyExamples/libDaisy//build/libdaisy.a(qspi.o)
                0x0000000008005600                daisy::QSPIHandle::Impl::DummyCyclesConfig(daisy::QSPIHandle::Config::Device)
 .text._ZN5daisy10QSPIHandle4Impl10QuadEnableEv
                0x0000000008005718      0x158 ../DaisyExamples/libDaisy//build/libdaisy.a(qspi.o)
                0x0000000008005718                daisy::QSPIHandle::Impl::QuadEnable()
 .text._ZN5daisy10QSPIHandle4InitERKNS0_6ConfigE
                0x0000000008005870      0x198 ../DaisyExamples/libDaisy//build/libdaisy.a(qspi.o)
                0x0000000008005870                daisy::QSPIHandle::Init(daisy::QSPIHandle::Config const&)
 .text.HAL_QSPI_MspInit
                0x0000000008005a08      0x11c ../DaisyExamples/libDaisy//build/libdaisy.a(qspi.o)
                0x0000000008005a08                HAL_QSPI_MspInit
 .text.HAL_QSPI_MspDeInit
                0x0000000008005b24       0x54 ../DaisyExamples/libDaisy//build/libdaisy.a(qspi.o)
                0x0000000008005b24                HAL_QSPI_MspDeInit
 .text.QUADSPI_IRQHandler
                0x0000000008005b78        0xc ../DaisyExamples/libDaisy//build/libdaisy.a(qspi.o)
                0x0000000008005b78                QUADSPI_IRQHandler
 .text.startup._GLOBAL__sub_I__ZN5daisy10QSPIHandle4Impl4InitERKNS0_6ConfigE
                0x0000000008005b84       0x28 ../DaisyExamples/libDaisy//build/libdaisy.a(qspi.o)
 .text._ZN5daisy9SaiHandle4Impl7InitDmaENS1_15PeripheralBlockE
                0x0000000008005bac       0xa0 ../DaisyExamples/libDaisy//build/libdaisy.a(sai.o)
                0x0000000008005bac                daisy::SaiHandle::Impl::InitDma(daisy::SaiHandle::Impl::PeripheralBlock)
 .text._ZN5daisy9SaiHandle4Impl8InitPinsEv
                0x0000000008005c4c       0xa8 ../DaisyExamples/libDaisy//build/libdaisy.a(sai.o)
                0x0000000008005c4c                daisy::SaiHandle::Impl::InitPins()
 .text.HAL_SAI_MspInit
                0x0000000008005cf4      0x164 ../DaisyExamples/libDaisy//build/libdaisy.a(sai.o)
                0x0000000008005cf4                HAL_SAI_MspInit
 .text.DMA1_Stream0_IRQHandler
                0x0000000008005e58        0xc ../DaisyExamples/libDaisy//build/libdaisy.a(sai.o)
                0x0000000008005e58                DMA1_Stream0_IRQHandler
 .text.DMA1_Stream1_IRQHandler
                0x0000000008005e64        0xc ../DaisyExamples/libDaisy//build/libdaisy.a(sai.o)
                0x0000000008005e64                DMA1_Stream1_IRQHandler
 .text.DMA1_Stream3_IRQHandler
                0x0000000008005e70        0xc ../DaisyExamples/libDaisy//build/libdaisy.a(sai.o)
                0x0000000008005e70                DMA1_Stream3_IRQHandler
 .text.DMA1_Stream4_IRQHandler
                0x0000000008005e7c        0xc ../DaisyExamples/libDaisy//build/libdaisy.a(sai.o)
                0x0000000008005e7c                DMA1_Stream4_IRQHandler
 .text.HAL_SAI_RxHalfCpltCallback
                0x0000000008005e88       0x78 ../DaisyExamples/libDaisy//build/libdaisy.a(sai.o)
                0x0000000008005e88                HAL_SAI_RxHalfCpltCallback
 .text.HAL_SAI_RxCpltCallback
                0x0000000008005f00       0x70 ../DaisyExamples/libDaisy//build/libdaisy.a(sai.o)
                0x0000000008005f00                HAL_SAI_RxCpltCallback
 .text._ZN5daisy9SaiHandle4InitERKNS0_6ConfigE
                0x0000000008005f70      0x1f0 ../DaisyExamples/libDaisy//build/libdaisy.a(sai.o)
                0x0000000008005f70                daisy::SaiHandle::Init(daisy::SaiHandle::Config const&)
 .text._ZNK5daisy9SaiHandle9GetConfigEv
                0x0000000008006160        0x4 ../DaisyExamples/libDaisy//build/libdaisy.a(sai.o)
                0x0000000008006160                daisy::SaiHandle::GetConfig() const
 .text._ZN5daisy9SaiHandle8StartDmaEPlS1_jPFvS1_S1_jE
                0x0000000008006164       0xbc ../DaisyExamples/libDaisy//build/libdaisy.a(sai.o)
                0x0000000008006164                daisy::SaiHandle::StartDma(long*, long*, unsigned int, void (*)(long*, long*, unsigned int))
 .text._ZN5daisy9SaiHandle13GetSampleRateEv
                0x0000000008006220       0x24 ../DaisyExamples/libDaisy//build/libdaisy.a(sai.o)
                0x0000000008006220                daisy::SaiHandle::GetSampleRate()
 .text._ZNK5daisy9SaiHandle9GetOffsetEv
                0x0000000008006244        0x8 ../DaisyExamples/libDaisy//build/libdaisy.a(sai.o)
                0x0000000008006244                daisy::SaiHandle::GetOffset() const
 .text._ZN5daisy11TimerHandleD2Ev
                0x000000000800624c        0x4 ../DaisyExamples/libDaisy//build/libdaisy.a(system.o)
                0x000000000800624c                daisy::TimerHandle::~TimerHandle()
                0x000000000800624c                daisy::TimerHandle::~TimerHandle()
 .text.SysTick_Handler
                0x0000000008006250       0x10 ../DaisyExamples/libDaisy//build/libdaisy.a(system.o)
                0x0000000008006250                SysTick_Handler
 .text.OTG_HS_EP1_OUT_IRQHandler
                0x0000000008006260       0x24 ../DaisyExamples/libDaisy//build/libdaisy.a(system.o)
                0x0000000008006260                OTG_HS_EP1_OUT_IRQHandler
 .text.OTG_HS_EP1_IN_IRQHandler
                0x0000000008006284       0x24 ../DaisyExamples/libDaisy//build/libdaisy.a(system.o)
                0x0000000008006284                OTG_HS_EP1_IN_IRQHandler
 .text.OTG_HS_IRQHandler
                0x00000000080062a8       0x24 ../DaisyExamples/libDaisy//build/libdaisy.a(system.o)
                0x00000000080062a8                OTG_HS_IRQHandler
 .text.HardFault_Handler
                0x00000000080062cc       0xe0 ../DaisyExamples/libDaisy//build/libdaisy.a(system.o)
                0x00000000080062cc                HardFault_Handler
 .text._ZN5daisy6System6GetNowEv
                0x00000000080063ac        0x4 ../DaisyExamples/libDaisy//build/libdaisy.a(system.o)
                0x00000000080063ac                daisy::System::GetNow()
 .text._ZN5daisy6System5DelayEm
                0x00000000080063b0        0x4 ../DaisyExamples/libDaisy//build/libdaisy.a(system.o)
                0x00000000080063b0                daisy::System::Delay(unsigned long)
 .text._ZN5daisy6System15ConfigureClocksEv
                0x00000000080063b4      0x194 ../DaisyExamples/libDaisy//build/libdaisy.a(system.o)
                0x00000000080063b4                daisy::System::ConfigureClocks()
 .text._ZN5daisy6System4InitERKNS0_6ConfigE
                0x0000000008006548      0x140 ../DaisyExamples/libDaisy//build/libdaisy.a(system.o)
                0x0000000008006548                daisy::System::Init(daisy::System::Config const&)
 .text._ZN5daisy6System12GetPClk1FreqEv
                0x0000000008006688        0x4 ../DaisyExamples/libDaisy//build/libdaisy.a(system.o)
                0x0000000008006688                daisy::System::GetPClk1Freq()
 .text._ZN5daisy6System22GetProgramMemoryRegionEv
                0x000000000800668c       0x78 ../DaisyExamples/libDaisy//build/libdaisy.a(system.o)
                0x000000000800668c                daisy::System::GetProgramMemoryRegion()
 .text.startup._GLOBAL__sub_I_SysTick_Handler
                0x0000000008006704       0x1c ../DaisyExamples/libDaisy//build/libdaisy.a(system.o)
 .text.SystemInit
                0x0000000008006720       0x9c ../DaisyExamples/libDaisy//build/libdaisy.a(system_stm32h7xx.o)
                0x0000000008006720                SystemInit
 .text.dummy_rx_callback
                0x00000000080067bc        0x4 ../DaisyExamples/libDaisy//build/libdaisy.a(usbd_cdc_if.o)
                0x00000000080067bc                dummy_rx_callback
 .text.CDC_DeInit_FS
                0x00000000080067c0        0x4 ../DaisyExamples/libDaisy//build/libdaisy.a(usbd_cdc_if.o)
 .text.CDC_Receive_FS
                0x00000000080067c4       0x2c ../DaisyExamples/libDaisy//build/libdaisy.a(usbd_cdc_if.o)
 .text.CDC_Receive_HS
                0x00000000080067f0       0x2c ../DaisyExamples/libDaisy//build/libdaisy.a(usbd_cdc_if.o)
 .text.CDC_Init_FS
                0x000000000800681c       0x3c ../DaisyExamples/libDaisy//build/libdaisy.a(usbd_cdc_if.o)
 .text.CDC_Init_HS
                0x0000000008006858       0x3c ../DaisyExamples/libDaisy//build/libdaisy.a(usbd_cdc_if.o)
 .text.CDC_Control_FS
                0x0000000008006894       0x34 ../DaisyExamples/libDaisy//build/libdaisy.a(usbd_cdc_if.o)
 .text.CDC_Control_HS
                0x00000000080068c8       0x34 ../DaisyExamples/libDaisy//build/libdaisy.a(usbd_cdc_if.o)
 .text.CDC_DeInit_HS
                0x00000000080068fc        0x4 ../DaisyExamples/libDaisy//build/libdaisy.a(usbd_cdc_if.o)
 .text.CDC_Transmit_FS
                0x0000000008006900       0x2c ../DaisyExamples/libDaisy//build/libdaisy.a(usbd_cdc_if.o)
                0x0000000008006900                CDC_Transmit_FS
 .text.HAL_PCD_MspInit
                0x000000000800692c      0x144 ../DaisyExamples/libDaisy//build/libdaisy.a(usbd_conf.o)
                0x000000000800692c                HAL_PCD_MspInit
 .text.HAL_PCD_SetupStageCallback
                0x0000000008006a70        0xc ../DaisyExamples/libDaisy//build/libdaisy.a(usbd_conf.o)
                0x0000000008006a70                HAL_PCD_SetupStageCallback
 .text.HAL_PCD_DataOutStageCallback
                0x0000000008006a7c       0x14 ../DaisyExamples/libDaisy//build/libdaisy.a(usbd_conf.o)
                0x0000000008006a7c                HAL_PCD_DataOutStageCallback
 .text.HAL_PCD_DataInStageCallback
                0x0000000008006a90       0x14 ../DaisyExamples/libDaisy//build/libdaisy.a(usbd_conf.o)
                0x0000000008006a90                HAL_PCD_DataInStageCallback
 .text.HAL_PCD_SOFCallback
                0x0000000008006aa4        0x8 ../DaisyExamples/libDaisy//build/libdaisy.a(usbd_conf.o)
                0x0000000008006aa4                HAL_PCD_SOFCallback
 .text.HAL_PCD_ResetCallback
                0x0000000008006aac       0x24 ../DaisyExamples/libDaisy//build/libdaisy.a(usbd_conf.o)
                0x0000000008006aac                HAL_PCD_ResetCallback
 .text.HAL_PCD_SuspendCallback
                0x0000000008006ad0       0x30 ../DaisyExamples/libDaisy//build/libdaisy.a(usbd_conf.o)
                0x0000000008006ad0                HAL_PCD_SuspendCallback
 .text.HAL_PCD_ResumeCallback
                0x0000000008006b00        0x8 ../DaisyExamples/libDaisy//build/libdaisy.a(usbd_conf.o)
                0x0000000008006b00                HAL_PCD_ResumeCallback
 .text.HAL_PCD_ISOOUTIncompleteCallback
                0x0000000008006b08        0x8 ../DaisyExamples/libDaisy//build/libdaisy.a(usbd_conf.o)
                0x0000000008006b08                HAL_PCD_ISOOUTIncompleteCallback
 .text.HAL_PCD_ISOINIncompleteCallback
                0x0000000008006b10        0x8 ../DaisyExamples/libDaisy//build/libdaisy.a(usbd_conf.o)
                0x0000000008006b10                HAL_PCD_ISOINIncompleteCallback
 .text.HAL_PCD_ConnectCallback
                0x0000000008006b18        0x8 ../DaisyExamples/libDaisy//build/libdaisy.a(usbd_conf.o)
                0x0000000008006b18                HAL_PCD_ConnectCallback
 .text.HAL_PCD_DisconnectCallback
                0x0000000008006b20        0x8 ../DaisyExamples/libDaisy//build/libdaisy.a(usbd_conf.o)
                0x0000000008006b20                HAL_PCD_DisconnectCallback
 .text.USBD_LL_Init
                0x0000000008006b28       0xe4 ../DaisyExamples/libDaisy//build/libdaisy.a(usbd_conf.o)
                0x0000000008006b28                USBD_LL_Init
 .text.USBD_LL_Start
                0x0000000008006c0c       0x1c ../DaisyExamples/libDaisy//build/libdaisy.a(usbd_conf.o)
                0x0000000008006c0c                USBD_LL_Start
 .text.USBD_LL_OpenEP
                0x0000000008006c28       0x24 ../DaisyExamples/libDaisy//build/libdaisy.a(usbd_conf.o)
                0x0000000008006c28                USBD_LL_OpenEP
 .text.USBD_LL_CloseEP
                0x0000000008006c4c       0x1c ../DaisyExamples/libDaisy//build/libdaisy.a(usbd_conf.o)
                0x0000000008006c4c                USBD_LL_CloseEP
 .text.USBD_LL_StallEP
                0x0000000008006c68       0x1c ../DaisyExamples/libDaisy//build/libdaisy.a(usbd_conf.o)
                0x0000000008006c68                USBD_LL_StallEP
 .text.USBD_LL_ClearStallEP
                0x0000000008006c84       0x1c ../DaisyExamples/libDaisy//build/libdaisy.a(usbd_conf.o)
                0x0000000008006c84                USBD_LL_ClearStallEP
 .text.USBD_LL_IsStallEP
                0x0000000008006ca0       0x28 ../DaisyExamples/libDaisy//build/libdaisy.a(usbd_conf.o)
                0x0000000008006ca0                USBD_LL_IsStallEP
 .text.USBD_LL_SetUSBAddress
                0x0000000008006cc8       0x1c ../DaisyExamples/libDaisy//build/libdaisy.a(usbd_conf.o)
                0x0000000008006cc8                USBD_LL_SetUSBAddress
 .text.USBD_LL_Transmit
                0x0000000008006ce4       0x1c ../DaisyExamples/libDaisy//build/libdaisy.a(usbd_conf.o)
                0x0000000008006ce4                USBD_LL_Transmit
 .text.USBD_LL_PrepareReceive
                0x0000000008006d00       0x1c ../DaisyExamples/libDaisy//build/libdaisy.a(usbd_conf.o)
                0x0000000008006d00                USBD_LL_PrepareReceive
 .text.USBD_LL_GetRxDataSize
                0x0000000008006d1c        0x8 ../DaisyExamples/libDaisy//build/libdaisy.a(usbd_conf.o)
                0x0000000008006d1c                USBD_LL_GetRxDataSize
 .text.USBD_HS_DeviceDescriptor
                0x0000000008006d24        0xc ../DaisyExamples/libDaisy//build/libdaisy.a(usbd_desc.o)
                0x0000000008006d24                USBD_HS_DeviceDescriptor
 .text.USBD_FS_DeviceDescriptor
                0x0000000008006d30        0xc ../DaisyExamples/libDaisy//build/libdaisy.a(usbd_desc.o)
                0x0000000008006d30                USBD_FS_DeviceDescriptor
 .text.USBD_FS_LangIDStrDescriptor
                0x0000000008006d3c        0xc ../DaisyExamples/libDaisy//build/libdaisy.a(usbd_desc.o)
                0x0000000008006d3c                USBD_FS_LangIDStrDescriptor
 .text.USBD_FS_ManufacturerStrDescriptor
                0x0000000008006d48       0x1c ../DaisyExamples/libDaisy//build/libdaisy.a(usbd_desc.o)
                0x0000000008006d48                USBD_FS_ManufacturerStrDescriptor
 .text.USBD_HS_ProductStrDescriptor
                0x0000000008006d64       0x1c ../DaisyExamples/libDaisy//build/libdaisy.a(usbd_desc.o)
                0x0000000008006d64                USBD_HS_ProductStrDescriptor
 .text.USBD_FS_ConfigStrDescriptor
                0x0000000008006d80       0x1c ../DaisyExamples/libDaisy//build/libdaisy.a(usbd_desc.o)
                0x0000000008006d80                USBD_FS_ConfigStrDescriptor
 .text.USBD_FS_InterfaceStrDescriptor
                0x0000000008006d9c       0x1c ../DaisyExamples/libDaisy//build/libdaisy.a(usbd_desc.o)
                0x0000000008006d9c                USBD_FS_InterfaceStrDescriptor
 .text.USBD_FS_ProductStrDescriptor
                0x0000000008006db8       0x1c ../DaisyExamples/libDaisy//build/libdaisy.a(usbd_desc.o)
                0x0000000008006db8                USBD_FS_ProductStrDescriptor
 .text.USBD_HS_LangIDStrDescriptor
                0x0000000008006dd4        0xc ../DaisyExamples/libDaisy//build/libdaisy.a(usbd_desc.o)
                0x0000000008006dd4                USBD_HS_LangIDStrDescriptor
 .text.USBD_HS_ManufacturerStrDescriptor
                0x0000000008006de0       0x1c ../DaisyExamples/libDaisy//build/libdaisy.a(usbd_desc.o)
                0x0000000008006de0                USBD_HS_ManufacturerStrDescriptor
 .text.USBD_FS_SerialStrDescriptor
                0x0000000008006dfc      0x124 ../DaisyExamples/libDaisy//build/libdaisy.a(usbd_desc.o)
                0x0000000008006dfc                USBD_FS_SerialStrDescriptor
 .text.USBD_HS_SerialStrDescriptor
                0x0000000008006f20      0x124 ../DaisyExamples/libDaisy//build/libdaisy.a(usbd_desc.o)
                0x0000000008006f20                USBD_HS_SerialStrDescriptor
 .text.USBD_HS_InterfaceStrDescriptor
                0x0000000008007044       0x1c ../DaisyExamples/libDaisy//build/libdaisy.a(usbd_desc.o)
                0x0000000008007044                USBD_HS_InterfaceStrDescriptor
 .text.USBD_HS_ConfigStrDescriptor
                0x0000000008007060       0x1c ../DaisyExamples/libDaisy//build/libdaisy.a(usbd_desc.o)
                0x0000000008007060                USBD_HS_ConfigStrDescriptor
 .text.HAL_HCD_SOF_Callback
                0x000000000800707c        0x8 ../DaisyExamples/libDaisy//build/libdaisy.a(usbh_conf.o)
                0x000000000800707c                HAL_HCD_SOF_Callback
 .text.HAL_HCD_Connect_Callback
                0x0000000008007084        0x8 ../DaisyExamples/libDaisy//build/libdaisy.a(usbh_conf.o)
                0x0000000008007084                HAL_HCD_Connect_Callback
 .text.HAL_HCD_Disconnect_Callback
                0x000000000800708c        0x8 ../DaisyExamples/libDaisy//build/libdaisy.a(usbh_conf.o)
                0x000000000800708c                HAL_HCD_Disconnect_Callback
 .text.HAL_HCD_HC_NotifyURBChange_Callback
                0x0000000008007094        0x4 ../DaisyExamples/libDaisy//build/libdaisy.a(usbh_conf.o)
                0x0000000008007094                HAL_HCD_HC_NotifyURBChange_Callback
 .text.HAL_HCD_PortEnabled_Callback
                0x0000000008007098        0x8 ../DaisyExamples/libDaisy//build/libdaisy.a(usbh_conf.o)
                0x0000000008007098                HAL_HCD_PortEnabled_Callback
 .text.HAL_HCD_PortDisabled_Callback
                0x00000000080070a0        0x8 ../DaisyExamples/libDaisy//build/libdaisy.a(usbh_conf.o)
                0x00000000080070a0                HAL_HCD_PortDisabled_Callback
 .text.USBH_LL_Stop
                0x00000000080070a8       0x1c ../DaisyExamples/libDaisy//build/libdaisy.a(usbh_conf.o)
                0x00000000080070a8                USBH_LL_Stop
 .text.dsy_hal_map_get_port
                0x00000000080070c4       0x10 ../DaisyExamples/libDaisy//build/libdaisy.a(hal_map.o)
                0x00000000080070c4                dsy_hal_map_get_port
 .text.dsy_hal_map_get_pin
                0x00000000080070d4       0x10 ../DaisyExamples/libDaisy//build/libdaisy.a(hal_map.o)
                0x00000000080070d4                dsy_hal_map_get_pin
 .text.dsy_hal_map_gpio_clk_enable
                0x00000000080070e4      0x150 ../DaisyExamples/libDaisy//build/libdaisy.a(hal_map.o)
                0x00000000080070e4                dsy_hal_map_gpio_clk_enable
 .text.HAL_MspInit
                0x0000000008007234        0x4 ../DaisyExamples/libDaisy//build/libdaisy.a(stm32h7xx_hal.o)
                0x0000000008007234                HAL_MspInit
 .text.HAL_InitTick
                0x0000000008007238       0x4c ../DaisyExamples/libDaisy//build/libdaisy.a(stm32h7xx_hal.o)
                0x0000000008007238                HAL_InitTick
 .text.HAL_Init
                0x0000000008007284       0x60 ../DaisyExamples/libDaisy//build/libdaisy.a(stm32h7xx_hal.o)
                0x0000000008007284                HAL_Init
 .text.HAL_IncTick
                0x00000000080072e4       0x18 ../DaisyExamples/libDaisy//build/libdaisy.a(stm32h7xx_hal.o)
                0x00000000080072e4                HAL_IncTick
 .text.HAL_GetTick
                0x00000000080072fc        0xc ../DaisyExamples/libDaisy//build/libdaisy.a(stm32h7xx_hal.o)
                0x00000000080072fc                HAL_GetTick
 .text.HAL_Delay
                0x0000000008007308       0x24 ../DaisyExamples/libDaisy//build/libdaisy.a(stm32h7xx_hal.o)
                0x0000000008007308                HAL_Delay
 .text.HAL_GetREVID
                0x000000000800732c        0xc ../DaisyExamples/libDaisy//build/libdaisy.a(stm32h7xx_hal.o)
                0x000000000800732c                HAL_GetREVID
 .text.HAL_NVIC_SetPriorityGrouping
                0x0000000008007338       0x24 ../DaisyExamples/libDaisy//build/libdaisy.a(stm32h7xx_hal_cortex.o)
                0x0000000008007338                HAL_NVIC_SetPriorityGrouping
 .text.HAL_NVIC_SetPriority
                0x000000000800735c       0x7c ../DaisyExamples/libDaisy//build/libdaisy.a(stm32h7xx_hal_cortex.o)
                0x000000000800735c                HAL_NVIC_SetPriority
 .text.HAL_NVIC_EnableIRQ
                0x00000000080073d8       0x1c ../DaisyExamples/libDaisy//build/libdaisy.a(stm32h7xx_hal_cortex.o)
                0x00000000080073d8                HAL_NVIC_EnableIRQ
 .text.HAL_NVIC_DisableIRQ
                0x00000000080073f4       0x28 ../DaisyExamples/libDaisy//build/libdaisy.a(stm32h7xx_hal_cortex.o)
                0x00000000080073f4                HAL_NVIC_DisableIRQ
 .text.HAL_SYSTICK_Config
                0x000000000800741c       0x2c ../DaisyExamples/libDaisy//build/libdaisy.a(stm32h7xx_hal_cortex.o)
                0x000000000800741c                HAL_SYSTICK_Config
 .text.HAL_MPU_Disable
                0x0000000008007448       0x1c ../DaisyExamples/libDaisy//build/libdaisy.a(stm32h7xx_hal_cortex.o)
                0x0000000008007448                HAL_MPU_Disable
 .text.HAL_MPU_Enable
                0x0000000008007464       0x20 ../DaisyExamples/libDaisy//build/libdaisy.a(stm32h7xx_hal_cortex.o)
                0x0000000008007464                HAL_MPU_Enable
 .text.HAL_MPU_ConfigRegion
                0x0000000008007484       0x64 ../DaisyExamples/libDaisy//build/libdaisy.a(stm32h7xx_hal_cortex.o)
                0x0000000008007484                HAL_MPU_ConfigRegion
 .text.HAL_SYSTICK_Callback
                0x00000000080074e8        0x4 ../DaisyExamples/libDaisy//build/libdaisy.a(stm32h7xx_hal_cortex.o)
                0x00000000080074e8                HAL_SYSTICK_Callback
 .text.HAL_SYSTICK_IRQHandler
                0x00000000080074ec        0x8 ../DaisyExamples/libDaisy//build/libdaisy.a(stm32h7xx_hal_cortex.o)
                0x00000000080074ec                HAL_SYSTICK_IRQHandler
 .text.DMA_CalcBaseAndBitshift
                0x00000000080074f4       0xf4 ../DaisyExamples/libDaisy//build/libdaisy.a(stm32h7xx_hal_dma.o)
 .text.DMA_CalcDMAMUXChannelBaseAndMask
                0x00000000080075e8       0xd8 ../DaisyExamples/libDaisy//build/libdaisy.a(stm32h7xx_hal_dma.o)
 .text.HAL_DMA_Init
                0x00000000080076c0      0x37c ../DaisyExamples/libDaisy//build/libdaisy.a(stm32h7xx_hal_dma.o)
                0x00000000080076c0                HAL_DMA_Init
 .text.HAL_DMA_Start_IT
                0x0000000008007a3c      0x240 ../DaisyExamples/libDaisy//build/libdaisy.a(stm32h7xx_hal_dma.o)
                0x0000000008007a3c                HAL_DMA_Start_IT
 .text.HAL_DMA_Abort_IT
                0x0000000008007c7c      0x134 ../DaisyExamples/libDaisy//build/libdaisy.a(stm32h7xx_hal_dma.o)
                0x0000000008007c7c                HAL_DMA_Abort_IT
 .text.HAL_DMA_IRQHandler
                0x0000000008007db0      0x6a0 ../DaisyExamples/libDaisy//build/libdaisy.a(stm32h7xx_hal_dma.o)
                0x0000000008007db0                HAL_DMA_IRQHandler
 .text.HAL_DMA_GetError
                0x0000000008008450        0x4 ../DaisyExamples/libDaisy//build/libdaisy.a(stm32h7xx_hal_dma.o)
                0x0000000008008450                HAL_DMA_GetError
 .text.HAL_GPIO_Init
                0x0000000008008454      0x280 ../DaisyExamples/libDaisy//build/libdaisy.a(stm32h7xx_hal_gpio.o)
                0x0000000008008454                HAL_GPIO_Init
 .text.HAL_GPIO_DeInit
                0x00000000080086d4      0x190 ../DaisyExamples/libDaisy//build/libdaisy.a(stm32h7xx_hal_gpio.o)
                0x00000000080086d4                HAL_GPIO_DeInit
 .text.HAL_GPIO_ReadPin
                0x0000000008008864        0xc ../DaisyExamples/libDaisy//build/libdaisy.a(stm32h7xx_hal_gpio.o)
                0x0000000008008864                HAL_GPIO_ReadPin
 .text.HAL_GPIO_WritePin
                0x0000000008008870        0x8 ../DaisyExamples/libDaisy//build/libdaisy.a(stm32h7xx_hal_gpio.o)
                0x0000000008008870                HAL_GPIO_WritePin
 .text.HAL_HCD_IRQHandler
                0x0000000008008878      0x780 ../DaisyExamples/libDaisy//build/libdaisy.a(stm32h7xx_hal_hcd.o)
                0x0000000008008878                HAL_HCD_IRQHandler
 .text.HAL_HCD_Stop
                0x0000000008008ff8       0x28 ../DaisyExamples/libDaisy//build/libdaisy.a(stm32h7xx_hal_hcd.o)
                0x0000000008008ff8                HAL_HCD_Stop
 .text.I2C_WaitOnRXNEFlagUntilTimeout
                0x0000000008009020      0x100 ../DaisyExamples/libDaisy//build/libdaisy.a(stm32h7xx_hal_i2c.o)
 .text.I2C_WaitOnTXISFlagUntilTimeout
                0x0000000008009120       0xb8 ../DaisyExamples/libDaisy//build/libdaisy.a(stm32h7xx_hal_i2c.o)
 .text.I2C_WaitOnSTOPFlagUntilTimeout
                0x00000000080091d8       0xac ../DaisyExamples/libDaisy//build/libdaisy.a(stm32h7xx_hal_i2c.o)
 .text.HAL_I2C_Init
                0x0000000008009284       0xac ../DaisyExamples/libDaisy//build/libdaisy.a(stm32h7xx_hal_i2c.o)
                0x0000000008009284                HAL_I2C_Init
 .text.HAL_I2C_Master_Transmit
                0x0000000008009330      0x1a8 ../DaisyExamples/libDaisy//build/libdaisy.a(stm32h7xx_hal_i2c.o)
                0x0000000008009330                HAL_I2C_Master_Transmit
 .text.HAL_I2C_Master_Receive
                0x00000000080094d8      0x1ac ../DaisyExamples/libDaisy//build/libdaisy.a(stm32h7xx_hal_i2c.o)
                0x00000000080094d8                HAL_I2C_Master_Receive
 .text.HAL_I2C_Slave_Transmit
                0x0000000008009684      0x1c8 ../DaisyExamples/libDaisy//build/libdaisy.a(stm32h7xx_hal_i2c.o)
                0x0000000008009684                HAL_I2C_Slave_Transmit
 .text.HAL_I2C_Slave_Receive
                0x000000000800984c      0x1a4 ../DaisyExamples/libDaisy//build/libdaisy.a(stm32h7xx_hal_i2c.o)
                0x000000000800984c                HAL_I2C_Slave_Receive
 .text.HAL_I2C_EV_IRQHandler
                0x00000000080099f0       0x10 ../DaisyExamples/libDaisy//build/libdaisy.a(stm32h7xx_hal_i2c.o)
                0x00000000080099f0                HAL_I2C_EV_IRQHandler
 .text.HAL_I2C_GetState
                0x0000000008009a00        0x8 ../DaisyExamples/libDaisy//build/libdaisy.a(stm32h7xx_hal_i2c.o)
                0x0000000008009a00                HAL_I2C_GetState
 .text.HAL_I2CEx_ConfigAnalogFilter
                0x0000000008009a08       0x54 ../DaisyExamples/libDaisy//build/libdaisy.a(stm32h7xx_hal_i2c_ex.o)
                0x0000000008009a08                HAL_I2CEx_ConfigAnalogFilter
 .text.HAL_I2CEx_ConfigDigitalFilter
                0x0000000008009a5c       0x58 ../DaisyExamples/libDaisy//build/libdaisy.a(stm32h7xx_hal_i2c_ex.o)
                0x0000000008009a5c                HAL_I2CEx_ConfigDigitalFilter
 .text.HAL_PCD_Init
                0x0000000008009ab4      0x12c ../DaisyExamples/libDaisy//build/libdaisy.a(stm32h7xx_hal_pcd.o)
                0x0000000008009ab4                HAL_PCD_Init
 .text.HAL_PCD_Start
                0x0000000008009be0       0x44 ../DaisyExamples/libDaisy//build/libdaisy.a(stm32h7xx_hal_pcd.o)
                0x0000000008009be0                HAL_PCD_Start
 .text.HAL_PCD_IRQHandler
                0x0000000008009c24      0x69c ../DaisyExamples/libDaisy//build/libdaisy.a(stm32h7xx_hal_pcd.o)
                0x0000000008009c24                HAL_PCD_IRQHandler
 .text.HAL_PCD_SetAddress
                0x000000000800a2c0       0x2c ../DaisyExamples/libDaisy//build/libdaisy.a(stm32h7xx_hal_pcd.o)
                0x000000000800a2c0                HAL_PCD_SetAddress
 .text.HAL_PCD_EP_Open
                0x000000000800a2ec       0x7c ../DaisyExamples/libDaisy//build/libdaisy.a(stm32h7xx_hal_pcd.o)
                0x000000000800a2ec                HAL_PCD_EP_Open
 .text.HAL_PCD_EP_Close
                0x000000000800a368       0x6c ../DaisyExamples/libDaisy//build/libdaisy.a(stm32h7xx_hal_pcd.o)
                0x000000000800a368                HAL_PCD_EP_Close
 .text.HAL_PCD_EP_Receive
                0x000000000800a3d4       0x50 ../DaisyExamples/libDaisy//build/libdaisy.a(stm32h7xx_hal_pcd.o)
                0x000000000800a3d4                HAL_PCD_EP_Receive
 .text.HAL_PCD_EP_GetRxCount
                0x000000000800a424       0x14 ../DaisyExamples/libDaisy//build/libdaisy.a(stm32h7xx_hal_pcd.o)
                0x000000000800a424                HAL_PCD_EP_GetRxCount
 .text.HAL_PCD_EP_Transmit
                0x000000000800a438       0x50 ../DaisyExamples/libDaisy//build/libdaisy.a(stm32h7xx_hal_pcd.o)
                0x000000000800a438                HAL_PCD_EP_Transmit
 .text.HAL_PCD_EP_SetStall
                0x000000000800a488       0x88 ../DaisyExamples/libDaisy//build/libdaisy.a(stm32h7xx_hal_pcd.o)
                0x000000000800a488                HAL_PCD_EP_SetStall
 .text.HAL_PCD_EP_ClrStall
                0x000000000800a510       0x78 ../DaisyExamples/libDaisy//build/libdaisy.a(stm32h7xx_hal_pcd.o)
                0x000000000800a510                HAL_PCD_EP_ClrStall
 .text.HAL_PCDEx_SetTxFiFo
                0x000000000800a588       0x54 ../DaisyExamples/libDaisy//build/libdaisy.a(stm32h7xx_hal_pcd_ex.o)
                0x000000000800a588                HAL_PCDEx_SetTxFiFo
 .text.HAL_PCDEx_SetRxFiFo
                0x000000000800a5dc        0xc ../DaisyExamples/libDaisy//build/libdaisy.a(stm32h7xx_hal_pcd_ex.o)
                0x000000000800a5dc                HAL_PCDEx_SetRxFiFo
 .text.HAL_PCDEx_ActivateLPM
                0x000000000800a5e8       0x30 ../DaisyExamples/libDaisy//build/libdaisy.a(stm32h7xx_hal_pcd_ex.o)
                0x000000000800a5e8                HAL_PCDEx_ActivateLPM
 .text.HAL_PCDEx_LPM_Callback
                0x000000000800a618        0x4 ../DaisyExamples/libDaisy//build/libdaisy.a(stm32h7xx_hal_pcd_ex.o)
                0x000000000800a618                HAL_PCDEx_LPM_Callback
 .text.HAL_PWREx_ConfigSupply
                0x000000000800a61c       0x4c ../DaisyExamples/libDaisy//build/libdaisy.a(stm32h7xx_hal_pwr_ex.o)
                0x000000000800a61c                HAL_PWREx_ConfigSupply
 .text.HAL_PWREx_EnableUSBVoltageDetector
                0x000000000800a668       0x10 ../DaisyExamples/libDaisy//build/libdaisy.a(stm32h7xx_hal_pwr_ex.o)
                0x000000000800a668                HAL_PWREx_EnableUSBVoltageDetector
 .text.QSPI_Config
                0x000000000800a678      0x174 ../DaisyExamples/libDaisy//build/libdaisy.a(stm32h7xx_hal_qspi.o)
 .text.HAL_QSPI_Init
                0x000000000800a7ec       0xd8 ../DaisyExamples/libDaisy//build/libdaisy.a(stm32h7xx_hal_qspi.o)
                0x000000000800a7ec                HAL_QSPI_Init
 .text.HAL_QSPI_DeInit
                0x000000000800a8c4       0x3c ../DaisyExamples/libDaisy//build/libdaisy.a(stm32h7xx_hal_qspi.o)
                0x000000000800a8c4                HAL_QSPI_DeInit
 .text.HAL_QSPI_Command
                0x000000000800a900       0xd4 ../DaisyExamples/libDaisy//build/libdaisy.a(stm32h7xx_hal_qspi.o)
                0x000000000800a900                HAL_QSPI_Command
 .text.HAL_QSPI_Transmit
                0x000000000800a9d4       0xfc ../DaisyExamples/libDaisy//build/libdaisy.a(stm32h7xx_hal_qspi.o)
                0x000000000800a9d4                HAL_QSPI_Transmit
 .text.HAL_QSPI_Receive
                0x000000000800aad0      0x108 ../DaisyExamples/libDaisy//build/libdaisy.a(stm32h7xx_hal_qspi.o)
                0x000000000800aad0                HAL_QSPI_Receive
 .text.HAL_QSPI_AutoPolling
                0x000000000800abd8       0xf0 ../DaisyExamples/libDaisy//build/libdaisy.a(stm32h7xx_hal_qspi.o)
                0x000000000800abd8                HAL_QSPI_AutoPolling
 .text.HAL_QSPI_MemoryMapped
                0x000000000800acc8       0xc0 ../DaisyExamples/libDaisy//build/libdaisy.a(stm32h7xx_hal_qspi.o)
                0x000000000800acc8                HAL_QSPI_MemoryMapped
 .text.HAL_QSPI_ErrorCallback
                0x000000000800ad88        0x4 ../DaisyExamples/libDaisy//build/libdaisy.a(stm32h7xx_hal_qspi.o)
                0x000000000800ad88                HAL_QSPI_ErrorCallback
 .text.QSPI_DMAAbortCplt
                0x000000000800ad8c       0x38 ../DaisyExamples/libDaisy//build/libdaisy.a(stm32h7xx_hal_qspi.o)
 .text.HAL_QSPI_AbortCpltCallback
                0x000000000800adc4        0x4 ../DaisyExamples/libDaisy//build/libdaisy.a(stm32h7xx_hal_qspi.o)
                0x000000000800adc4                HAL_QSPI_AbortCpltCallback
 .text.HAL_QSPI_CmdCpltCallback
                0x000000000800adc8        0x4 ../DaisyExamples/libDaisy//build/libdaisy.a(stm32h7xx_hal_qspi.o)
                0x000000000800adc8                HAL_QSPI_CmdCpltCallback
 .text.HAL_QSPI_RxCpltCallback
                0x000000000800adcc        0x4 ../DaisyExamples/libDaisy//build/libdaisy.a(stm32h7xx_hal_qspi.o)
                0x000000000800adcc                HAL_QSPI_RxCpltCallback
 .text.HAL_QSPI_TxCpltCallback
                0x000000000800add0        0x4 ../DaisyExamples/libDaisy//build/libdaisy.a(stm32h7xx_hal_qspi.o)
                0x000000000800add0                HAL_QSPI_TxCpltCallback
 .text.HAL_QSPI_FifoThresholdCallback
                0x000000000800add4        0x4 ../DaisyExamples/libDaisy//build/libdaisy.a(stm32h7xx_hal_qspi.o)
                0x000000000800add4                HAL_QSPI_FifoThresholdCallback
 .text.HAL_QSPI_StatusMatchCallback
                0x000000000800add8        0x4 ../DaisyExamples/libDaisy//build/libdaisy.a(stm32h7xx_hal_qspi.o)
                0x000000000800add8                HAL_QSPI_StatusMatchCallback
 .text.HAL_QSPI_TimeOutCallback
                0x000000000800addc        0x4 ../DaisyExamples/libDaisy//build/libdaisy.a(stm32h7xx_hal_qspi.o)
                0x000000000800addc                HAL_QSPI_TimeOutCallback
 .text.HAL_QSPI_IRQHandler
                0x000000000800ade0      0x210 ../DaisyExamples/libDaisy//build/libdaisy.a(stm32h7xx_hal_qspi.o)
                0x000000000800ade0                HAL_QSPI_IRQHandler
 .text.HAL_RCC_OscConfig
                0x000000000800aff0      0x51c ../DaisyExamples/libDaisy//build/libdaisy.a(stm32h7xx_hal_rcc.o)
                0x000000000800aff0                HAL_RCC_OscConfig
 .text.HAL_RCC_GetSysClockFreq
                0x000000000800b50c      0x140 ../DaisyExamples/libDaisy//build/libdaisy.a(stm32h7xx_hal_rcc.o)
                0x000000000800b50c                HAL_RCC_GetSysClockFreq
 .text.HAL_RCC_ClockConfig
                0x000000000800b64c      0x234 ../DaisyExamples/libDaisy//build/libdaisy.a(stm32h7xx_hal_rcc.o)
                0x000000000800b64c                HAL_RCC_ClockConfig
 .text.HAL_RCC_GetHCLKFreq
                0x000000000800b880       0x2c ../DaisyExamples/libDaisy//build/libdaisy.a(stm32h7xx_hal_rcc.o)
                0x000000000800b880                HAL_RCC_GetHCLKFreq
 .text.HAL_RCC_GetPCLK1Freq
                0x000000000800b8ac       0x38 ../DaisyExamples/libDaisy//build/libdaisy.a(stm32h7xx_hal_rcc.o)
                0x000000000800b8ac                HAL_RCC_GetPCLK1Freq
 .text.HAL_RCC_GetPCLK2Freq
                0x000000000800b8e4       0x38 ../DaisyExamples/libDaisy//build/libdaisy.a(stm32h7xx_hal_rcc.o)
                0x000000000800b8e4                HAL_RCC_GetPCLK2Freq
 .text.RCCEx_PLL2_Config
                0x000000000800b91c       0xf4 ../DaisyExamples/libDaisy//build/libdaisy.a(stm32h7xx_hal_rcc_ex.o)
 .text.RCCEx_PLL3_Config
                0x000000000800ba10       0xf4 ../DaisyExamples/libDaisy//build/libdaisy.a(stm32h7xx_hal_rcc_ex.o)
 .text.HAL_RCCEx_PeriphCLKConfig
                0x000000000800bb04      0xa7c ../DaisyExamples/libDaisy//build/libdaisy.a(stm32h7xx_hal_rcc_ex.o)
                0x000000000800bb04                HAL_RCCEx_PeriphCLKConfig
 .text.HAL_RCCEx_GetD3PCLK1Freq
                0x000000000800c580       0x24 ../DaisyExamples/libDaisy//build/libdaisy.a(stm32h7xx_hal_rcc_ex.o)
                0x000000000800c580                HAL_RCCEx_GetD3PCLK1Freq
 .text.HAL_RCCEx_GetPLL2ClockFreq
                0x000000000800c5a4      0x17c ../DaisyExamples/libDaisy//build/libdaisy.a(stm32h7xx_hal_rcc_ex.o)
                0x000000000800c5a4                HAL_RCCEx_GetPLL2ClockFreq
 .text.HAL_RCCEx_GetPLL3ClockFreq
                0x000000000800c720      0x17c ../DaisyExamples/libDaisy//build/libdaisy.a(stm32h7xx_hal_rcc_ex.o)
                0x000000000800c720                HAL_RCCEx_GetPLL3ClockFreq
 .text.HAL_RCCEx_GetPLL1ClockFreq
                0x000000000800c89c      0x17c ../DaisyExamples/libDaisy//build/libdaisy.a(stm32h7xx_hal_rcc_ex.o)
                0x000000000800c89c                HAL_RCCEx_GetPLL1ClockFreq
 .text.HAL_RCCEx_GetPeriphCLKFreq
                0x000000000800ca18      0x198 ../DaisyExamples/libDaisy//build/libdaisy.a(stm32h7xx_hal_rcc_ex.o)
                0x000000000800ca18                HAL_RCCEx_GetPeriphCLKFreq
 .text.HAL_RCCEx_GetD1SysClockFreq
                0x000000000800cbb0       0x2c ../DaisyExamples/libDaisy//build/libdaisy.a(stm32h7xx_hal_rcc_ex.o)
                0x000000000800cbb0                HAL_RCCEx_GetD1SysClockFreq
 .text.HAL_SAI_Init.part.0
                0x000000000800cbdc      0x348 ../DaisyExamples/libDaisy//build/libdaisy.a(stm32h7xx_hal_sai.o)
 .text.HAL_SAI_InitProtocol
                0x000000000800cf24      0x178 ../DaisyExamples/libDaisy//build/libdaisy.a(stm32h7xx_hal_sai.o)
                0x000000000800cf24                HAL_SAI_InitProtocol
 .text.HAL_SAI_Transmit_DMA
                0x000000000800d09c      0x124 ../DaisyExamples/libDaisy//build/libdaisy.a(stm32h7xx_hal_sai.o)
                0x000000000800d09c                HAL_SAI_Transmit_DMA
 .text.HAL_SAI_Receive_DMA
                0x000000000800d1c0       0xd0 ../DaisyExamples/libDaisy//build/libdaisy.a(stm32h7xx_hal_sai.o)
                0x000000000800d1c0                HAL_SAI_Receive_DMA
 .text.HAL_SAI_TxCpltCallback
                0x000000000800d290        0x4 ../DaisyExamples/libDaisy//build/libdaisy.a(stm32h7xx_hal_sai.o)
                0x000000000800d290                HAL_SAI_TxCpltCallback
 .text.SAI_DMATxCplt
                0x000000000800d294       0x64 ../DaisyExamples/libDaisy//build/libdaisy.a(stm32h7xx_hal_sai.o)
 .text.HAL_SAI_TxHalfCpltCallback
                0x000000000800d2f8        0x4 ../DaisyExamples/libDaisy//build/libdaisy.a(stm32h7xx_hal_sai.o)
                0x000000000800d2f8                HAL_SAI_TxHalfCpltCallback
 .text.SAI_DMATxHalfCplt
                0x000000000800d2fc        0xc ../DaisyExamples/libDaisy//build/libdaisy.a(stm32h7xx_hal_sai.o)
 .text.SAI_DMARxCplt
                0x000000000800d308       0x64 ../DaisyExamples/libDaisy//build/libdaisy.a(stm32h7xx_hal_sai.o)
 .text.SAI_DMARxHalfCplt
                0x000000000800d36c        0xc ../DaisyExamples/libDaisy//build/libdaisy.a(stm32h7xx_hal_sai.o)
 .text.HAL_SAI_ErrorCallback
                0x000000000800d378        0x4 ../DaisyExamples/libDaisy//build/libdaisy.a(stm32h7xx_hal_sai.o)
                0x000000000800d378                HAL_SAI_ErrorCallback
 .text.SAI_DMAError
                0x000000000800d37c       0x6c ../DaisyExamples/libDaisy//build/libdaisy.a(stm32h7xx_hal_sai.o)
 .text.HAL_SDRAM_Init
                0x000000000800d3e8       0x54 ../DaisyExamples/libDaisy//build/libdaisy.a(stm32h7xx_hal_sdram.o)
                0x000000000800d3e8                HAL_SDRAM_Init
 .text.HAL_SDRAM_SendCommand
                0x000000000800d43c       0x40 ../DaisyExamples/libDaisy//build/libdaisy.a(stm32h7xx_hal_sdram.o)
                0x000000000800d43c                HAL_SDRAM_SendCommand
 .text.HAL_SDRAM_ProgramRefreshRate
                0x000000000800d47c       0x30 ../DaisyExamples/libDaisy//build/libdaisy.a(stm32h7xx_hal_sdram.o)
                0x000000000800d47c                HAL_SDRAM_ProgramRefreshRate
 .text.FMC_SDRAM_Init
                0x000000000800d4ac       0x7c ../DaisyExamples/libDaisy//build/libdaisy.a(stm32h7xx_ll_fmc.o)
                0x000000000800d4ac                FMC_SDRAM_Init
 .text.FMC_SDRAM_Timing_Init
                0x000000000800d528       0x98 ../DaisyExamples/libDaisy//build/libdaisy.a(stm32h7xx_ll_fmc.o)
                0x000000000800d528                FMC_SDRAM_Timing_Init
 .text.FMC_SDRAM_SendCommand
                0x000000000800d5c0       0x28 ../DaisyExamples/libDaisy//build/libdaisy.a(stm32h7xx_ll_fmc.o)
                0x000000000800d5c0                FMC_SDRAM_SendCommand
 .text.FMC_SDRAM_ProgramRefreshRate
                0x000000000800d5e8       0x1c ../DaisyExamples/libDaisy//build/libdaisy.a(stm32h7xx_ll_fmc.o)
                0x000000000800d5e8                FMC_SDRAM_ProgramRefreshRate
 .text.USB_CoreInit
                0x000000000800d604      0x124 ../DaisyExamples/libDaisy//build/libdaisy.a(stm32h7xx_ll_usb.o)
                0x000000000800d604                USB_CoreInit
 .text.USB_SetTurnaroundTime
                0x000000000800d728      0x104 ../DaisyExamples/libDaisy//build/libdaisy.a(stm32h7xx_ll_usb.o)
                0x000000000800d728                USB_SetTurnaroundTime
 .text.USB_EnableGlobalInt
                0x000000000800d82c       0x10 ../DaisyExamples/libDaisy//build/libdaisy.a(stm32h7xx_ll_usb.o)
                0x000000000800d82c                USB_EnableGlobalInt
 .text.USB_DisableGlobalInt
                0x000000000800d83c       0x10 ../DaisyExamples/libDaisy//build/libdaisy.a(stm32h7xx_ll_usb.o)
                0x000000000800d83c                USB_DisableGlobalInt
 .text.USB_SetCurrentMode
                0x000000000800d84c       0x30 ../DaisyExamples/libDaisy//build/libdaisy.a(stm32h7xx_ll_usb.o)
                0x000000000800d84c                USB_SetCurrentMode
 .text.USB_DevInit
                0x000000000800d87c      0x20c ../DaisyExamples/libDaisy//build/libdaisy.a(stm32h7xx_ll_usb.o)
                0x000000000800d87c                USB_DevInit
 .text.USB_FlushTxFifo
                0x000000000800da88       0x34 ../DaisyExamples/libDaisy//build/libdaisy.a(stm32h7xx_ll_usb.o)
                0x000000000800da88                USB_FlushTxFifo
 .text.USB_GetDevSpeed
                0x000000000800dabc       0x24 ../DaisyExamples/libDaisy//build/libdaisy.a(stm32h7xx_ll_usb.o)
                0x000000000800dabc                USB_GetDevSpeed
 .text.USB_ActivateEndpoint
                0x000000000800dae0       0x90 ../DaisyExamples/libDaisy//build/libdaisy.a(stm32h7xx_ll_usb.o)
                0x000000000800dae0                USB_ActivateEndpoint
 .text.USB_DeactivateEndpoint
                0x000000000800db70       0x84 ../DaisyExamples/libDaisy//build/libdaisy.a(stm32h7xx_ll_usb.o)
                0x000000000800db70                USB_DeactivateEndpoint
 .text.USB_EPStartXfer
                0x000000000800dbf4      0x230 ../DaisyExamples/libDaisy//build/libdaisy.a(stm32h7xx_ll_usb.o)
                0x000000000800dbf4                USB_EPStartXfer
 .text.USB_EP0StartXfer
                0x000000000800de24      0x174 ../DaisyExamples/libDaisy//build/libdaisy.a(stm32h7xx_ll_usb.o)
                0x000000000800de24                USB_EP0StartXfer
 .text.USB_WritePacket
                0x000000000800df98       0x2c ../DaisyExamples/libDaisy//build/libdaisy.a(stm32h7xx_ll_usb.o)
                0x000000000800df98                USB_WritePacket
 .text.USB_ReadPacket
                0x000000000800dfc4       0x20 ../DaisyExamples/libDaisy//build/libdaisy.a(stm32h7xx_ll_usb.o)
                0x000000000800dfc4                USB_ReadPacket
 .text.USB_EPSetStall
                0x000000000800dfe4       0x68 ../DaisyExamples/libDaisy//build/libdaisy.a(stm32h7xx_ll_usb.o)
                0x000000000800dfe4                USB_EPSetStall
 .text.USB_EPClearStall
                0x000000000800e04c       0x58 ../DaisyExamples/libDaisy//build/libdaisy.a(stm32h7xx_ll_usb.o)
                0x000000000800e04c                USB_EPClearStall
 .text.USB_SetDevAddress
                0x000000000800e0a4       0x24 ../DaisyExamples/libDaisy//build/libdaisy.a(stm32h7xx_ll_usb.o)
                0x000000000800e0a4                USB_SetDevAddress
 .text.USB_DevConnect
                0x000000000800e0c8       0x1c ../DaisyExamples/libDaisy//build/libdaisy.a(stm32h7xx_ll_usb.o)
                0x000000000800e0c8                USB_DevConnect
 .text.USB_DevDisconnect
                0x000000000800e0e4       0x1c ../DaisyExamples/libDaisy//build/libdaisy.a(stm32h7xx_ll_usb.o)
                0x000000000800e0e4                USB_DevDisconnect
 .text.USB_ReadInterrupts
                0x000000000800e100       0x14 ../DaisyExamples/libDaisy//build/libdaisy.a(stm32h7xx_ll_usb.o)
                0x000000000800e100                USB_ReadInterrupts
 .text.USB_ReadDevAllOutEpInterrupt
                0x000000000800e114       0x1c ../DaisyExamples/libDaisy//build/libdaisy.a(stm32h7xx_ll_usb.o)
                0x000000000800e114                USB_ReadDevAllOutEpInterrupt
 .text.USB_ReadDevAllInEpInterrupt
                0x000000000800e130       0x1c ../DaisyExamples/libDaisy//build/libdaisy.a(stm32h7xx_ll_usb.o)
                0x000000000800e130                USB_ReadDevAllInEpInterrupt
 .text.USB_ReadDevOutEPInterrupt
                0x000000000800e14c       0x1c ../DaisyExamples/libDaisy//build/libdaisy.a(stm32h7xx_ll_usb.o)
                0x000000000800e14c                USB_ReadDevOutEPInterrupt
 .text.USB_ReadDevInEPInterrupt
                0x000000000800e168       0x38 ../DaisyExamples/libDaisy//build/libdaisy.a(stm32h7xx_ll_usb.o)
                0x000000000800e168                USB_ReadDevInEPInterrupt
 .text.USB_GetMode
                0x000000000800e1a0        0x8 ../DaisyExamples/libDaisy//build/libdaisy.a(stm32h7xx_ll_usb.o)
                0x000000000800e1a0                USB_GetMode
 .text.USB_ActivateSetup
                0x000000000800e1a8       0x38 ../DaisyExamples/libDaisy//build/libdaisy.a(stm32h7xx_ll_usb.o)
                0x000000000800e1a8                USB_ActivateSetup
 .text.USB_EP0_OutStart
                0x000000000800e1e0       0x58 ../DaisyExamples/libDaisy//build/libdaisy.a(stm32h7xx_ll_usb.o)
                0x000000000800e1e0                USB_EP0_OutStart
 .text.USB_InitFSLSPClkSel
                0x000000000800e238       0x44 ../DaisyExamples/libDaisy//build/libdaisy.a(stm32h7xx_ll_usb.o)
                0x000000000800e238                USB_InitFSLSPClkSel
 .text.USB_HC_ReadInterrupt
                0x000000000800e27c        0x8 ../DaisyExamples/libDaisy//build/libdaisy.a(stm32h7xx_ll_usb.o)
                0x000000000800e27c                USB_HC_ReadInterrupt
 .text.USB_HC_Halt
                0x000000000800e284       0xc0 ../DaisyExamples/libDaisy//build/libdaisy.a(stm32h7xx_ll_usb.o)
                0x000000000800e284                USB_HC_Halt
 .text.USB_StopHost
                0x000000000800e344      0x2ec ../DaisyExamples/libDaisy//build/libdaisy.a(stm32h7xx_ll_usb.o)
                0x000000000800e344                USB_StopHost
 .text.USBD_CDC_EP0_RxReady
                0x000000000800e630       0x2c ../DaisyExamples/libDaisy//build/libdaisy.a(usbd_cdc.o)
 .text.USBD_CDC_GetFSCfgDesc
                0x000000000800e65c       0x24 ../DaisyExamples/libDaisy//build/libdaisy.a(usbd_cdc.o)
 .text.USBD_CDC_GetHSCfgDesc
                0x000000000800e680       0x24 ../DaisyExamples/libDaisy//build/libdaisy.a(usbd_cdc.o)
 .text.USBD_CDC_GetOtherSpeedCfgDesc
                0x000000000800e6a4       0x24 ../DaisyExamples/libDaisy//build/libdaisy.a(usbd_cdc.o)
 .text.USBD_CDC_GetDeviceQualifierDescriptor
                0x000000000800e6c8       0x10 ../DaisyExamples/libDaisy//build/libdaisy.a(usbd_cdc.o)
                0x000000000800e6c8                USBD_CDC_GetDeviceQualifierDescriptor
 .text.USBD_CDC_DataOut
                0x000000000800e6d8       0x30 ../DaisyExamples/libDaisy//build/libdaisy.a(usbd_cdc.o)
 .text.USBD_CDC_DataIn
                0x000000000800e708       0x50 ../DaisyExamples/libDaisy//build/libdaisy.a(usbd_cdc.o)
 .text.USBD_CDC_Setup
                0x000000000800e758       0xcc ../DaisyExamples/libDaisy//build/libdaisy.a(usbd_cdc.o)
 .text.USBD_CDC_DeInit
                0x000000000800e824       0x44 ../DaisyExamples/libDaisy//build/libdaisy.a(usbd_cdc.o)
 .text.USBD_CDC_Init
                0x000000000800e868       0x94 ../DaisyExamples/libDaisy//build/libdaisy.a(usbd_cdc.o)
 .text.USBD_CDC_RegisterInterface
                0x000000000800e8fc       0x10 ../DaisyExamples/libDaisy//build/libdaisy.a(usbd_cdc.o)
                0x000000000800e8fc                USBD_CDC_RegisterInterface
 .text.USBD_CDC_SetTxBuffer
                0x000000000800e90c       0x14 ../DaisyExamples/libDaisy//build/libdaisy.a(usbd_cdc.o)
                0x000000000800e90c                USBD_CDC_SetTxBuffer
 .text.USBD_CDC_SetRxBuffer
                0x000000000800e920       0x10 ../DaisyExamples/libDaisy//build/libdaisy.a(usbd_cdc.o)
                0x000000000800e920                USBD_CDC_SetRxBuffer
 .text.USBD_CDC_TransmitPacket
                0x000000000800e930       0x34 ../DaisyExamples/libDaisy//build/libdaisy.a(usbd_cdc.o)
                0x000000000800e930                USBD_CDC_TransmitPacket
 .text.USBD_CDC_ReceivePacket
                0x000000000800e964       0x38 ../DaisyExamples/libDaisy//build/libdaisy.a(usbd_cdc.o)
                0x000000000800e964                USBD_CDC_ReceivePacket
 .text.USBD_Init
                0x000000000800e99c       0x44 ../DaisyExamples/libDaisy//build/libdaisy.a(usbd_core.o)
                0x000000000800e99c                USBD_Init
 .text.USBD_RegisterClass
                0x000000000800e9e0       0x2c ../DaisyExamples/libDaisy//build/libdaisy.a(usbd_core.o)
                0x000000000800e9e0                USBD_RegisterClass
 .text.USBD_Start
                0x000000000800ea0c        0xc ../DaisyExamples/libDaisy//build/libdaisy.a(usbd_core.o)
                0x000000000800ea0c                USBD_Start
 .text.USBD_SetClassConfig
                0x000000000800ea18       0x14 ../DaisyExamples/libDaisy//build/libdaisy.a(usbd_core.o)
                0x000000000800ea18                USBD_SetClassConfig
 .text.USBD_ClrClassConfig
                0x000000000800ea2c       0x10 ../DaisyExamples/libDaisy//build/libdaisy.a(usbd_core.o)
                0x000000000800ea2c                USBD_ClrClassConfig
 .text.USBD_LL_SetupStage
                0x000000000800ea3c       0x5c ../DaisyExamples/libDaisy//build/libdaisy.a(usbd_core.o)
                0x000000000800ea3c                USBD_LL_SetupStage
 .text.USBD_LL_DataOutStage
                0x000000000800ea98       0x7c ../DaisyExamples/libDaisy//build/libdaisy.a(usbd_core.o)
                0x000000000800ea98                USBD_LL_DataOutStage
 .text.USBD_LL_DataInStage
                0x000000000800eb14       0xcc ../DaisyExamples/libDaisy//build/libdaisy.a(usbd_core.o)
                0x000000000800eb14                USBD_LL_DataInStage
 .text.USBD_LL_Reset
                0x000000000800ebe0       0x50 ../DaisyExamples/libDaisy//build/libdaisy.a(usbd_core.o)
                0x000000000800ebe0                USBD_LL_Reset
 .text.USBD_LL_SetSpeed
                0x000000000800ec30        0x8 ../DaisyExamples/libDaisy//build/libdaisy.a(usbd_core.o)
                0x000000000800ec30                USBD_LL_SetSpeed
 .text.USBD_LL_Suspend
                0x000000000800ec38       0x14 ../DaisyExamples/libDaisy//build/libdaisy.a(usbd_core.o)
                0x000000000800ec38                USBD_LL_Suspend
 .text.USBD_LL_Resume
                0x000000000800ec4c       0x10 ../DaisyExamples/libDaisy//build/libdaisy.a(usbd_core.o)
                0x000000000800ec4c                USBD_LL_Resume
 .text.USBD_LL_SOF
                0x000000000800ec5c       0x1c ../DaisyExamples/libDaisy//build/libdaisy.a(usbd_core.o)
                0x000000000800ec5c                USBD_LL_SOF
 .text.USBD_LL_IsoINIncomplete
                0x000000000800ec78        0x4 ../DaisyExamples/libDaisy//build/libdaisy.a(usbd_core.o)
                0x000000000800ec78                USBD_LL_IsoINIncomplete
 .text.USBD_LL_IsoOUTIncomplete
                0x000000000800ec7c        0x4 ../DaisyExamples/libDaisy//build/libdaisy.a(usbd_core.o)
                0x000000000800ec7c                USBD_LL_IsoOUTIncomplete
 .text.USBD_LL_DevConnected
                0x000000000800ec80        0x4 ../DaisyExamples/libDaisy//build/libdaisy.a(usbd_core.o)
                0x000000000800ec80                USBD_LL_DevConnected
 .text.USBD_LL_DevDisconnected
                0x000000000800ec84       0x18 ../DaisyExamples/libDaisy//build/libdaisy.a(usbd_core.o)
                0x000000000800ec84                USBD_LL_DevDisconnected
 .text.USBD_StdDevReq
                0x000000000800ec9c      0x304 ../DaisyExamples/libDaisy//build/libdaisy.a(usbd_ctlreq.o)
                0x000000000800ec9c                USBD_StdDevReq
 .text.USBD_StdItfReq
                0x000000000800efa0       0x68 ../DaisyExamples/libDaisy//build/libdaisy.a(usbd_ctlreq.o)
                0x000000000800efa0                USBD_StdItfReq
 .text.USBD_StdEPReq
                0x000000000800f008      0x13c ../DaisyExamples/libDaisy//build/libdaisy.a(usbd_ctlreq.o)
                0x000000000800f008                USBD_StdEPReq
 .text.USBD_ParseSetupRequest
                0x000000000800f144       0x28 ../DaisyExamples/libDaisy//build/libdaisy.a(usbd_ctlreq.o)
                0x000000000800f144                USBD_ParseSetupRequest
 .text.USBD_CtlError
                0x000000000800f16c       0x18 ../DaisyExamples/libDaisy//build/libdaisy.a(usbd_ctlreq.o)
                0x000000000800f16c                USBD_CtlError
 .text.USBD_GetString
                0x000000000800f184       0x54 ../DaisyExamples/libDaisy//build/libdaisy.a(usbd_ctlreq.o)
                0x000000000800f184                USBD_GetString
 .text.USBD_CtlSendData
                0x000000000800f1d8       0x1c ../DaisyExamples/libDaisy//build/libdaisy.a(usbd_ioreq.o)
                0x000000000800f1d8                USBD_CtlSendData
 .text.USBD_CtlContinueSendData
                0x000000000800f1f4       0x14 ../DaisyExamples/libDaisy//build/libdaisy.a(usbd_ioreq.o)
                0x000000000800f1f4                USBD_CtlContinueSendData
 .text.USBD_CtlPrepareRx
                0x000000000800f208       0x1c ../DaisyExamples/libDaisy//build/libdaisy.a(usbd_ioreq.o)
                0x000000000800f208                USBD_CtlPrepareRx
 .text.USBD_CtlContinueRx
                0x000000000800f224       0x14 ../DaisyExamples/libDaisy//build/libdaisy.a(usbd_ioreq.o)
                0x000000000800f224                USBD_CtlContinueRx
 .text.USBD_CtlSendStatus
                0x000000000800f238       0x18 ../DaisyExamples/libDaisy//build/libdaisy.a(usbd_ioreq.o)
                0x000000000800f238                USBD_CtlSendStatus
 .text.USBD_CtlReceiveStatus
                0x000000000800f250       0x18 ../DaisyExamples/libDaisy//build/libdaisy.a(usbd_ioreq.o)
                0x000000000800f250                USBD_CtlReceiveStatus
 .text.USBH_LL_IncTimer
                0x000000000800f268       0x20 ../DaisyExamples/libDaisy//build/libdaisy.a(usbh_core.o)
                0x000000000800f268                USBH_LL_IncTimer
 .text.USBH_LL_PortEnabled
                0x000000000800f288        0x8 ../DaisyExamples/libDaisy//build/libdaisy.a(usbh_core.o)
                0x000000000800f288                USBH_LL_PortEnabled
 .text.USBH_LL_PortDisabled
                0x000000000800f290        0x8 ../DaisyExamples/libDaisy//build/libdaisy.a(usbh_core.o)
                0x000000000800f290                USBH_LL_PortDisabled
 .text.USBH_LL_Connect
                0x000000000800f298       0x18 ../DaisyExamples/libDaisy//build/libdaisy.a(usbh_core.o)
                0x000000000800f298                USBH_LL_Connect
 .text.USBH_LL_Disconnect
                0x000000000800f2b0       0x2c ../DaisyExamples/libDaisy//build/libdaisy.a(usbh_core.o)
                0x000000000800f2b0                USBH_LL_Disconnect
 .text.USBH_FreePipe
                0x000000000800f2dc       0x18 ../DaisyExamples/libDaisy//build/libdaisy.a(usbh_pipes.o)
                0x000000000800f2dc                USBH_FreePipe
 .text._ZN5daisy6Random4InitEv
                0x000000000800f2f4       0x3c ../DaisyExamples/libDaisy//build/libdaisy.a(rng.o)
                0x000000000800f2f4                daisy::Random::Init()
 .text._ZN5daisy9SpiHandle4Impl7InitDmaEv
                0x000000000800f330       0xec ../DaisyExamples/libDaisy//build/libdaisy.a(spi.o)
                0x000000000800f330                daisy::SpiHandle::Impl::InitDma()
 .text._ZN5daisy9SpiHandle4Impl10StartDmaTxEPhjPFvPvEPFvS3_NS0_6ResultEES3_
                0x000000000800f41c       0xc8 ../DaisyExamples/libDaisy//build/libdaisy.a(spi.o)
                0x000000000800f41c                daisy::SpiHandle::Impl::StartDmaTx(unsigned char*, unsigned int, void (*)(void*), void (*)(void*, daisy::SpiHandle::Result), void*)
 .text._ZN5daisy9SpiHandle4Impl10StartDmaRxEPhjPFvPvEPFvS3_NS0_6ResultEES3_
                0x000000000800f4e4       0xc8 ../DaisyExamples/libDaisy//build/libdaisy.a(spi.o)
                0x000000000800f4e4                daisy::SpiHandle::Impl::StartDmaRx(unsigned char*, unsigned int, void (*)(void*), void (*)(void*, daisy::SpiHandle::Result), void*)
 .text._ZN5daisy9SpiHandle4Impl12StartDmaRxTxEPhS2_jPFvPvEPFvS3_NS0_6ResultEES3_
                0x000000000800f5ac       0xcc ../DaisyExamples/libDaisy//build/libdaisy.a(spi.o)
                0x000000000800f5ac                daisy::SpiHandle::Impl::StartDmaRxTx(unsigned char*, unsigned char*, unsigned int, void (*)(void*), void (*)(void*, daisy::SpiHandle::Result), void*)
 .text._ZN5daisy9SpiHandle4Impl8InitPinsEv
                0x000000000800f678      0x274 ../DaisyExamples/libDaisy//build/libdaisy.a(spi.o)
                0x000000000800f678                daisy::SpiHandle::Impl::InitPins()
 .text.HAL_SPI_MspInit
                0x000000000800f8ec      0x1a8 ../DaisyExamples/libDaisy//build/libdaisy.a(spi.o)
                0x000000000800f8ec                HAL_SPI_MspInit
 .text.dsy_spi_global_init
                0x000000000800fa94       0x80 ../DaisyExamples/libDaisy//build/libdaisy.a(spi.o)
                0x000000000800fa94                dsy_spi_global_init
 .text.SPI1_IRQHandler
                0x000000000800fb14        0xc ../DaisyExamples/libDaisy//build/libdaisy.a(spi.o)
                0x000000000800fb14                SPI1_IRQHandler
 .text.SPI2_IRQHandler
                0x000000000800fb20        0xc ../DaisyExamples/libDaisy//build/libdaisy.a(spi.o)
                0x000000000800fb20                SPI2_IRQHandler
 .text.SPI3_IRQHandler
                0x000000000800fb2c        0xc ../DaisyExamples/libDaisy//build/libdaisy.a(spi.o)
                0x000000000800fb2c                SPI3_IRQHandler
 .text.SPI4_IRQHandler
                0x000000000800fb38        0xc ../DaisyExamples/libDaisy//build/libdaisy.a(spi.o)
                0x000000000800fb38                SPI4_IRQHandler
 .text.SPI5_IRQHandler
                0x000000000800fb44        0xc ../DaisyExamples/libDaisy//build/libdaisy.a(spi.o)
                0x000000000800fb44                SPI5_IRQHandler
 .text.DMA2_Stream2_IRQHandler
                0x000000000800fb50       0x34 ../DaisyExamples/libDaisy//build/libdaisy.a(spi.o)
                0x000000000800fb50                DMA2_Stream2_IRQHandler
 .text.DMA2_Stream3_IRQHandler
                0x000000000800fb84       0x38 ../DaisyExamples/libDaisy//build/libdaisy.a(spi.o)
                0x000000000800fb84                DMA2_Stream3_IRQHandler
 .text.HAL_SPI_TxCpltCallback
                0x000000000800fbbc       0xc4 ../DaisyExamples/libDaisy//build/libdaisy.a(spi.o)
                0x000000000800fbbc                HAL_SPI_TxCpltCallback
 .text.HAL_SPI_RxCpltCallback
                0x000000000800fc80       0xc4 ../DaisyExamples/libDaisy//build/libdaisy.a(spi.o)
                0x000000000800fc80                HAL_SPI_RxCpltCallback
 .text.HAL_SPI_TxRxCpltCallback
                0x000000000800fd44       0xc4 ../DaisyExamples/libDaisy//build/libdaisy.a(spi.o)
                0x000000000800fd44                HAL_SPI_TxRxCpltCallback
 .text.HAL_SPI_ErrorCallback
                0x000000000800fe08       0xc8 ../DaisyExamples/libDaisy//build/libdaisy.a(spi.o)
                0x000000000800fe08                HAL_SPI_ErrorCallback
 .text.startup._GLOBAL__sub_I__Z19MapInstanceToHandleP11SPI_TypeDef
                0x000000000800fed0      0x1b0 ../DaisyExamples/libDaisy//build/libdaisy.a(spi.o)
 .text.HAL_TIM_Base_MspInit
                0x0000000008010080      0x1e0 ../DaisyExamples/libDaisy//build/libdaisy.a(tim.o)
                0x0000000008010080                HAL_TIM_Base_MspInit
 .text.HAL_TIM_PeriodElapsedCallback
                0x0000000008010260       0x44 ../DaisyExamples/libDaisy//build/libdaisy.a(tim.o)
                0x0000000008010260                HAL_TIM_PeriodElapsedCallback
 .text.TIM2_IRQHandler
                0x00000000080102a4        0xc ../DaisyExamples/libDaisy//build/libdaisy.a(tim.o)
                0x00000000080102a4                TIM2_IRQHandler
 .text.TIM3_IRQHandler
                0x00000000080102b0        0xc ../DaisyExamples/libDaisy//build/libdaisy.a(tim.o)
                0x00000000080102b0                TIM3_IRQHandler
 .text.TIM4_IRQHandler
                0x00000000080102bc        0xc ../DaisyExamples/libDaisy//build/libdaisy.a(tim.o)
                0x00000000080102bc                TIM4_IRQHandler
 .text.TIM5_IRQHandler
                0x00000000080102c8        0xc ../DaisyExamples/libDaisy//build/libdaisy.a(tim.o)
                0x00000000080102c8                TIM5_IRQHandler
 .text._ZN5daisy11TimerHandle4InitERKNS0_6ConfigE
                0x00000000080102d4       0xd0 ../DaisyExamples/libDaisy//build/libdaisy.a(tim.o)
                0x00000000080102d4                daisy::TimerHandle::Init(daisy::TimerHandle::Config const&)
 .text._ZN5daisy11TimerHandle5StartEv
                0x00000000080103a4       0x24 ../DaisyExamples/libDaisy//build/libdaisy.a(tim.o)
                0x00000000080103a4                daisy::TimerHandle::Start()
 .text.startup._GLOBAL__sub_I__ZN5daisy11TimerHandle4Impl4InitERKNS0_6ConfigE
                0x00000000080103c8       0x38 ../DaisyExamples/libDaisy//build/libdaisy.a(tim.o)
 .text._ZN5daisy11UartHandler4Impl7InitDmaEbb
                0x0000000008010400      0x164 ../DaisyExamples/libDaisy//build/libdaisy.a(uart.o)
                0x0000000008010400                daisy::UartHandler::Impl::InitDma(bool, bool)
 .text._ZN5daisy11UartHandler4Impl10HandleFifoEv
                0x0000000008010564       0xec ../DaisyExamples/libDaisy//build/libdaisy.a(uart.o)
                0x0000000008010564                daisy::UartHandler::Impl::HandleFifo()
 .text._ZN5daisy11UartHandler4Impl10StartDmaTxEPhjPFvPvEPFvS3_NS0_6ResultEES3_
                0x0000000008010650       0xcc ../DaisyExamples/libDaisy//build/libdaisy.a(uart.o)
                0x0000000008010650                daisy::UartHandler::Impl::StartDmaTx(unsigned char*, unsigned int, void (*)(void*), void (*)(void*, daisy::UartHandler::Result), void*)
 .text._ZN5daisy11UartHandler4Impl10StartDmaRxEPhjPFvPvEPFvS3_NS0_6ResultEES3_
                0x000000000801071c       0xcc ../DaisyExamples/libDaisy//build/libdaisy.a(uart.o)
                0x000000000801071c                daisy::UartHandler::Impl::StartDmaRx(unsigned char*, unsigned int, void (*)(void*), void (*)(void*, daisy::UartHandler::Result), void*)
 .text._ZN5daisy11UartHandler4Impl19DmaTransferFinishedEP20__UART_HandleTypeDefNS0_6ResultE
                0x00000000080107e8       0xc0 ../DaisyExamples/libDaisy//build/libdaisy.a(uart.o)
                0x00000000080107e8                daisy::UartHandler::Impl::DmaTransferFinished(__UART_HandleTypeDef*, daisy::UartHandler::Result)
 .text._ZN5daisy11UartHandler4Impl8InitPinsEv
                0x00000000080108a8      0x150 ../DaisyExamples/libDaisy//build/libdaisy.a(uart.o)
                0x00000000080108a8                daisy::UartHandler::Impl::InitPins()
 .text.HAL_UART_MspInit
                0x00000000080109f8      0x210 ../DaisyExamples/libDaisy//build/libdaisy.a(uart.o)
                0x00000000080109f8                HAL_UART_MspInit
 .text.dsy_uart_global_init
                0x0000000008010c08       0xfc ../DaisyExamples/libDaisy//build/libdaisy.a(uart.o)
                0x0000000008010c08                dsy_uart_global_init
 .text.USART1_IRQHandler
                0x0000000008010d04       0x30 ../DaisyExamples/libDaisy//build/libdaisy.a(uart.o)
                0x0000000008010d04                USART1_IRQHandler
 .text.USART2_IRQHandler
                0x0000000008010d34       0x34 ../DaisyExamples/libDaisy//build/libdaisy.a(uart.o)
                0x0000000008010d34                USART2_IRQHandler
 .text.USART3_IRQHandler
                0x0000000008010d68       0x34 ../DaisyExamples/libDaisy//build/libdaisy.a(uart.o)
                0x0000000008010d68                USART3_IRQHandler
 .text.UART4_IRQHandler
                0x0000000008010d9c       0x34 ../DaisyExamples/libDaisy//build/libdaisy.a(uart.o)
                0x0000000008010d9c                UART4_IRQHandler
 .text.UART5_IRQHandler
                0x0000000008010dd0       0x34 ../DaisyExamples/libDaisy//build/libdaisy.a(uart.o)
                0x0000000008010dd0                UART5_IRQHandler
 .text.USART6_IRQHandler